Z80/8080-Macro-Assembler  Release 2.1	Sun Aug 16 17:58:35 2026	Page 1
Source file: DISK25.ASM


LOC   OBJECT CODE   LINE   STMT SOURCE CODE
                       1      1 ; Establish BDOS read-only drive state, then attempt Delete.
                       2      2         ORG 100H
0100  0e 1c            3      3         LD C,28
0102  cd 05 00         4      4         CALL 5
0105  11 35 01         5      5         LD DE,FCB
0108  0e 13            6      6         LD C,19
010a  cd 05 00         7      7         CALL 5
010d  32 34 01         8      8         LD (RC),A
0110  11 19 01         9      9         LD DE,MSG
0113  0e 09           10     10         LD C,9
0115  cd 05 00        11     11         CALL 5
0118  c9              12     12         RET
0119  44 49 53 4b     13     13 MSG:    DB 'DISK25 UNEXPECTED RETURN',13,10,'$'
011d  32 35 20 55     13     14
0121  4e 45 58 50     13     15
0125  45 43 54 45     13     16
0129  44 20 52 45     13     17
012d  54 55 52 4e     13     18
0131  0d 0a 24        13     19
0134  00              14     20 RC:     DB 0
0135  00 4f 4e 45     15     21 FCB:    DB 0,'ONE25   ','DAT',0,0,0,0
0139  32 35 20 20     15     22
013d  20 44 41 54     15     23
0141  00 00 00 00     15     24
0145                  16     25         DS 20
0159                  17     26         END
