Z80/8080-Macro-Assembler  Release 2.1	Sun Aug 16 17:32:04 2026	Page 1
Source file: WRITE25.ASM


LOC   OBJECT CODE   LINE   STMT SOURCE CODE
                       1      1 ; Resource exhaustion: Make then Write one record, report FCB and DMA.
                       2      2         ORG 100H
0100  11 be 01         3      3         LD DE,DMA
0103  0e 1a            4      4         LD C,26
0105  cd 05 00         5      5         CALL 5
0108  11 9a 01         6      6         LD DE,FCB
010b  0e 16            7      7         LD C,22
010d  cd 05 00         8      8         CALL 5
0110  32 98 01         9      9         LD (MRC),A
0113  fe ff           10     10         CP 0FFH
0115  28 0b           11     11         JR Z,NOWRITE
0117  11 9a 01        12     12         LD DE,FCB
011a  0e 15           13     13         LD C,21
011c  cd 05 00        14     14         CALL 5
011f  32 99 01        15     15         LD (WRC),A
0122  11 81 01        16     16 NOWRITE:LD DE,MSG
0125  0e 09           17     17         LD C,9
0127  cd 05 00        18     18         CALL 5
012a  3a 98 01        19     19         LD A,(MRC)
012d  cd 65 01        20     20         CALL HEX
0130  3a 99 01        21     21         LD A,(WRC)
0133  cd 65 01        22     22         CALL HEX
0136  11 9a 01        23     23         LD DE,FCB
0139  01 24 00        24     24         LD BC,36
013c  cd 49 01        25     25         CALL DUMP0
013f  11 be 01        26     26         LD DE,DMA
0142  01 10 00        27     27         LD BC,16
0145  cd 58 01        28     28         CALL DUMP
0148  c9              29     29         RET
0149  1a              30     30 DUMP0:  LD A,(DE)
014a  c5              31     31         PUSH BC
014b  d5              32     32         PUSH DE
014c  cd 65 01        33     33         CALL HEX
014f  d1              34     34         POP DE
0150  c1              35     35         POP BC
0151  13              36     36         INC DE
0152  0b              37     37         DEC BC
0153  78              38     38         LD A,B
0154  b1              39     39         OR C
0155  20 f2           40     40         JR NZ,DUMP0
0157  c9              41     41         RET
0158  cd 49 01        42     42 DUMP:   CALL DUMP0
015b  1e 0d           43     43         LD E,13
015d  cd 79 01        44     44         CALL OUT
0160  1e 0a           45     45         LD E,10
0162  c3 79 01        46     46         JP OUT
0165  f5              47     47 HEX:    PUSH AF
0166  0f              48     48         RRCA
0167  0f              49     49         RRCA
0168  0f              50     50         RRCA
0169  0f              51     51         RRCA
016a  cd 6e 01        52     52         CALL NIB
016d  f1              53     53         POP AF
016e  e6 0f           54     54 NIB:    AND 0FH
0170  c6 30           55     55         ADD A,'0'
0172  fe 3a           56     56         CP '9'+1
0174  38 02           57     57         JR C,HOUT
0176  c6 07           58     58         ADD A,7
0178  5f              59     59 HOUT:   LD E,A
0179  c5              60     60 OUT:    PUSH BC
Z80/8080-Macro-Assembler  Release 2.1	Sun Aug 16 17:32:04 2026	Page 2
Source file: WRITE25.ASM


LOC   OBJECT CODE   LINE   STMT SOURCE CODE
017a  0e 02           61     61         LD C,2
017c  cd 05 00        62     62         CALL 5
017f  c1              63     63         POP BC
0180  c9              64     64         RET
0181  4d 41 4b 45     65     65 MSG:    DB 'MAKE/WRITE RC/FCB/DMA=','$'
0185  2f 57 52 49     65     66
0189  54 45 20 52     65     67
018d  43 2f 46 43     65     68
0191  42 2f 44 4d     65     69
0195  41 3d 24        65     70
0198  ee              66     71 MRC:    DB 0EEH
0199  ee              67     72 WRC:    DB 0EEH
019a  00 4e 45 57     68     73 FCB:    DB 0,'NEW25   ','DAT',0,0,0,0
019e  32 35 20 20     68     74
01a2  20 44 41 54     68     75
01a6  00 00 00 00     68     76
01aa                  69     77         DS 16
01ba  00 00 00 00     70     78         DB 0,0,0,0
01be  49 30 32 35     71     79 DMA:   DB 'I025-WRITE-DATA'
01c2  2d 57 52 49     71     80
01c6  54 45 2d 44     71     81
01ca  41 54 41        71     82
01cd                  72     83         DS 113,025H
023e                  73     84         END
