Z80/8080-Macro-Assembler  Release 2.1	Tue Aug 18 07:17:02 2026	Page 1
Source file: COLD35.build.asm


LOC   OBJECT CODE   LINE   STMT SOURCE CODE
                       1      1  ORG 0100H
0100  21 06 01         2      2  LD HL,NAME
0103  c3 0d 01         3      3  JP OBSBEGIN
0106  43 4f 4c 44      4      4 NAME: DB 'COLD35',0
010a  33 35 00         4      5
010d  22 b4 02         5      6 OBSBEGIN: LD (NAMEPTR),HL
0110  ed 73 b6 02      6      7  LD (ENTSP),SP
0114  3a 03 00         7      8  LD A,(0003H)
0117  32 c6 02         8      9  LD (IOBYTEV),A
011a  3a 04 00         9     10  LD A,(0004H)
011d  32 c7 02        10     11  LD (PZ4),A
0120  2a 00 00        11     12  LD HL,(0000H)
0123  22 bc 02        12     13  LD (PZ0),HL
0126  2a 05 00        13     14  LD HL,(0005H)
0129  22 be 02        14     15  LD (PZ5),HL
012c  3a 50 00        15     16  LD A,(0050H)
012f  32 c8 02        16     17  LD (SCR50),A
0132  3a 00 d0        17     18  LD A,(0D000H)
0135  32 c9 02        18     19  LD (TPAMARK),A
0138  3a 00 e4        19     20  LD A,(0E400H)
013b  32 ca 02        20     21  LD (CCPBYTE),A
013e  0e 19           21     22  LD C,25
0140  cd 05 00        22     23  CALL 0005H
0143  32 c4 02        23     24  LD (DRIVE),A
0146  1e ff           24     25  LD E,0FFH
0148  0e 20           25     26  LD C,32
014a  cd 05 00        26     27  CALL 0005H
014d  32 c5 02        27     28  LD (USER),A
0150  0e 18           28     29  LD C,24
0152  cd 05 00        29     30  CALL 0005H
0155  22 b8 02        30     31  LD (LOGIN),HL
0158  0e 1d           31     32  LD C,29
015a  cd 05 00        32     33  CALL 0005H
015d  22 ba 02        33     34  LD (ROVEC),HL
0160  0e 1b           34     35  LD C,27
0162  cd 05 00        35     36  CALL 0005H
0165  22 c0 02        36     37  LD (ALVPTR),HL
0168  0e 1f           37     38  LD C,31
016a  cd 05 00        38     39  CALL 0005H
016d  22 c2 02        39     40  LD (DPBPTR),HL
0170  0e 0b           40     41  LD C,11
0172  cd 05 00        41     42  CALL 0005H
0175  32 cb 02        42     43  LD (CONSTAT),A
0178  21 80 00        43     44  LD HL,0080H
017b  06 80           44     45  LD B,128
017d  3e ee           45     46  LD A,0EEH
017f  77              46     47 FILL80: LD (HL),A
0180  23              47     48  INC HL
0181  10 fc           48     49  DJNZ FILL80
0183  21 00 08        49     50  LD HL,0800H
0186  06 80           50     51  LD B,128
0188  3e a5           51     52  LD A,0A5H
018a  77              52     53 FILL300: LD (HL),A
018b  23              53     54  INC HL
018c  10 fc           54     55  DJNZ FILL300
018e  af              55     56  XOR A
018f  32 db 02        56     57  LD (FCB+12),A
0192  11 cf 02        57     58  LD DE,FCB
0195  0e 11           58     59  LD C,17
0197  cd 05 00        59     60  CALL 0005H
Z80/8080-Macro-Assembler  Release 2.1	Tue Aug 18 07:17:02 2026	Page 2
Source file: COLD35.build.asm


LOC   OBJECT CODE   LINE   STMT SOURCE CODE
019a  32 cc 02        60     61  LD (SEARCHRC),A
019d  3a 80 00        61     62  LD A,(0080H)
01a0  32 cd 02        62     63  LD (DMA80),A
01a3  3a 00 08        63     64  LD A,(0800H)
01a6  32 ce 02        64     65  LD (DMA800),A
01a9  31 73 03        65     66  LD SP,STACK
01ac  2a b4 02        66     67  LD HL,(NAMEPTR)
01af  cd 73 03        67     68  CALL PUTS
01b2  21 5d 02        68     69  LD HL,MSG
01b5  cd 73 03        69     70  CALL PUTS
01b8  3a c4 02        70     71  LD A,(DRIVE)
01bb  cd 9a 03        71     72  CALL HEXB
01be  cd 8b 03        72     73  CALL SPACE
01c1  3a c5 02        73     74  LD A,(USER)
01c4  cd 9a 03        74     75  CALL HEXB
01c7  cd 8b 03        75     76  CALL SPACE
01ca  2a b8 02        76     77  LD HL,(LOGIN)
01cd  cd b1 03        77     78  CALL HEXW
01d0  cd 8b 03        78     79  CALL SPACE
01d3  2a ba 02        79     80  LD HL,(ROVEC)
01d6  cd b1 03        80     81  CALL HEXW
01d9  cd 8b 03        81     82  CALL SPACE
01dc  3a c6 02        82     83  LD A,(IOBYTEV)
01df  cd 9a 03        83     84  CALL HEXB
01e2  cd 8b 03        84     85  CALL SPACE
01e5  3a c7 02        85     86  LD A,(PZ4)
01e8  cd 9a 03        86     87  CALL HEXB
01eb  cd 8b 03        87     88  CALL SPACE
01ee  2a bc 02        88     89  LD HL,(PZ0)
01f1  cd b1 03        89     90  CALL HEXW
01f4  cd 8b 03        90     91  CALL SPACE
01f7  2a be 02        91     92  LD HL,(PZ5)
01fa  cd b1 03        92     93  CALL HEXW
01fd  cd 8b 03        93     94  CALL SPACE
0200  3a c8 02        94     95  LD A,(SCR50)
0203  cd 9a 03        95     96  CALL HEXB
0206  cd 8b 03        96     97  CALL SPACE
0209  3a c9 02        97     98  LD A,(TPAMARK)
020c  cd 9a 03        98     99  CALL HEXB
020f  cd 8b 03        99    100  CALL SPACE
0212  3a ca 02       100    101  LD A,(CCPBYTE)
0215  cd 9a 03       101    102  CALL HEXB
0218  cd 8b 03       102    103  CALL SPACE
021b  2a c0 02       103    104  LD HL,(ALVPTR)
021e  cd b1 03       104    105  CALL HEXW
0221  cd 8b 03       105    106  CALL SPACE
0224  2a c2 02       106    107  LD HL,(DPBPTR)
0227  cd b1 03       107    108  CALL HEXW
022a  cd 8b 03       108    109  CALL SPACE
022d  3a cb 02       109    110  LD A,(CONSTAT)
0230  cd 9a 03       110    111  CALL HEXB
0233  cd 8b 03       111    112  CALL SPACE
0236  3a cc 02       112    113  LD A,(SEARCHRC)
0239  cd 9a 03       113    114  CALL HEXB
023c  cd 8b 03       114    115  CALL SPACE
023f  3a cd 02       115    116  LD A,(DMA80)
0242  cd 9a 03       116    117  CALL HEXB
0245  cd 8b 03       117    118  CALL SPACE
0248  3a ce 02       118    119  LD A,(DMA800)
024b  cd 9a 03       119    120  CALL HEXB
Z80/8080-Macro-Assembler  Release 2.1	Tue Aug 18 07:17:02 2026	Page 3
Source file: COLD35.build.asm


LOC   OBJECT CODE   LINE   STMT SOURCE CODE
024e  cd 8b 03       120    121  CALL SPACE
0251  2a b6 02       121    122  LD HL,(ENTSP)
0254  cd b1 03       122    123  CALL HEXW
0257  cd 90 03       123    124  CALL CRLF
025a  c3 b9 03       124    125  JP EXIT0
025d  20 44 52 49    125    126 MSG: DB ' DRIVE USER LOGIN RO IOBYTE PZ4 PZ0 PZ5 M50 TD000 CCP ALV DPB CST SRC DMA80 DMA800 SP ',0
0261  56 45 20 55    125    127
0265  53 45 52 20    125    128
0269  4c 4f 47 49    125    129
026d  4e 20 52 4f    125    130
0271  20 49 4f 42    125    131
0275  59 54 45 20    125    132
0279  50 5a 34 20    125    133
027d  50 5a 30 20    125    134
0281  50 5a 35 20    125    135
0285  4d 35 30 20    125    136
0289  54 44 30 30    125    137
028d  30 20 43 43    125    138
0291  50 20 41 4c    125    139
0295  56 20 44 50    125    140
0299  42 20 43 53    125    141
029d  54 20 53 52    125    142
02a1  43 20 44 4d    125    143
02a5  41 38 30 20    125    144
02a9  44 4d 41 38    125    145
02ad  30 30 20 53    125    146
02b1  50 20 00       125    147
02b4  00 00          126    148 NAMEPTR: DW 0
02b6  00 00          127    149 ENTSP: DW 0
02b8  00 00          128    150 LOGIN: DW 0
02ba  00 00          129    151 ROVEC: DW 0
02bc  00 00          130    152 PZ0: DW 0
02be  00 00          131    153 PZ5: DW 0
02c0  00 00          132    154 ALVPTR: DW 0
02c2  00 00          133    155 DPBPTR: DW 0
02c4  00             134    156 DRIVE: DB 0
02c5  00             135    157 USER: DB 0
02c6  00             136    158 IOBYTEV: DB 0
02c7  00             137    159 PZ4: DB 0
02c8  00             138    160 SCR50: DB 0
02c9  00             139    161 TPAMARK: DB 0
02ca  00             140    162 CCPBYTE: DB 0
02cb  00             141    163 CONSTAT: DB 0
02cc  00             142    164 SEARCHRC: DB 0
02cd  00             143    165 DMA80: DB 0
02ce  00             144    166 DMA800: DB 0
02cf  00 41 54 54    145    167 FCB: DB 0,'ATTR    DAT',0,0,0,0
02d3  52 20 20 20    145    168
02d7  20 44 41 54    145    169
02db  00 00 00 00    145    170
02df                 146    171  DS 16
02ef  00             147    172  DB 0
02f0                 148    173  DS 3
02f3                 149    174  DS 128
0373                 150    175 STACK:
0373  7e             151    176 PUTS: LD A,(HL)
0374  23             152    177  INC HL
0375  b7             153    178  OR A
0376  c8             154    179  RET Z
0377  5f             155    180  LD E,A
Z80/8080-Macro-Assembler  Release 2.1	Tue Aug 18 07:17:02 2026	Page 4
Source file: COLD35.build.asm


LOC   OBJECT CODE   LINE   STMT SOURCE CODE
0378  cd 7d 03       156    181  CALL PUTC
037b  18 f6          157    182  JR PUTS
037d  f5             158    183 PUTC: PUSH AF
037e  c5             159    184  PUSH BC
037f  d5             160    185  PUSH DE
0380  e5             161    186  PUSH HL
0381  0e 02          162    187  LD C,2
0383  cd 05 00       163    188  CALL 0005H
0386  e1             164    189  POP HL
0387  d1             165    190  POP DE
0388  c1             166    191  POP BC
0389  f1             167    192  POP AF
038a  c9             168    193  RET
038b  1e 20          169    194 SPACE: LD E,' '
038d  c3 7d 03       170    195  JP PUTC
0390  1e 0d          171    196 CRLF: LD E,13
0392  cd 7d 03       172    197  CALL PUTC
0395  1e 0a          173    198  LD E,10
0397  c3 7d 03       174    199  JP PUTC
039a  f5             175    200 HEXB: PUSH AF
039b  0f             176    201  RRCA
039c  0f             177    202  RRCA
039d  0f             178    203  RRCA
039e  0f             179    204  RRCA
039f  cd a3 03       180    205  CALL NIB
03a2  f1             181    206  POP AF
03a3  e6 0f          182    207 NIB: AND 0FH
03a5  c6 30          183    208  ADD A,'0'
03a7  fe 3a          184    209  CP '9'+1
03a9  38 02          185    210  JR C,NOUT
03ab  c6 07          186    211  ADD A,7
03ad  5f             187    212 NOUT: LD E,A
03ae  c3 7d 03       188    213  JP PUTC
03b1  7c             189    214 HEXW: LD A,H
03b2  cd 9a 03       190    215  CALL HEXB
03b5  7d             191    216  LD A,L
03b6  c3 9a 03       192    217  JP HEXB
03b9  0e 00          193    218 EXIT0: LD C,0
03bb  c3 05 00       194    219  JP 0005H
                     195    220
03be                 196    221  END
