Z80/8080-Macro-Assembler  Release 2.1	Tue Aug 18 07:17:02 2026	Page 1
Source file: RESET35.build.asm


LOC   OBJECT CODE   LINE   STMT SOURCE CODE
                       1      1  ORG 0100H
0100  1e 01            2      2  LD E,1
0102  0e 0e            3      3  LD C,14
0104  cd 05 00         4      4  CALL 0005H
0107  1e 07            5      5  LD E,7
0109  0e 20            6      6  LD C,32
010b  cd 05 00         7      7  CALL 0005H
010e  0e 1f            8      8  LD C,31
0110  cd 05 00         9      9  CALL 0005H
0113  0e 1c           10     10  LD C,28
0115  cd 05 00        11     11  CALL 0005H
0118  11 00 08        12     12  LD DE,0800H
011b  0e 1a           13     13  LD C,26
011d  cd 05 00        14     14  CALL 0005H
0120  0e 19           15     15  LD C,25
0122  cd 05 00        16     16  CALL 0005H
0125  32 40 02        17     17  LD (PREDRV),A
0128  1e ff           18     18  LD E,0FFH
012a  0e 20           19     19  LD C,32
012c  cd 05 00        20     20  CALL 0005H
012f  32 41 02        21     21  LD (PREUSR),A
0132  0e 18           22     22  LD C,24
0134  cd 05 00        23     23  CALL 0005H
0137  22 44 02        24     24  LD (PRELOG),HL
013a  0e 1d           25     25  LD C,29
013c  cd 05 00        26     26  CALL 0005H
013f  22 46 02        27     27  LD (PRERO),HL
0142  0e 0d           28     28  LD C,13
0144  cd 05 00        29     29  CALL 0005H
0147  0e 19           30     30  LD C,25
0149  cd 05 00        31     31  CALL 0005H
014c  32 42 02        32     32  LD (POSTDRV),A
014f  1e ff           33     33  LD E,0FFH
0151  0e 20           34     34  LD C,32
0153  cd 05 00        35     35  CALL 0005H
0156  32 43 02        36     36  LD (POSTUSR),A
0159  0e 18           37     37  LD C,24
015b  cd 05 00        38     38  CALL 0005H
015e  22 48 02        39     39  LD (POSTLOG),HL
0161  0e 1d           40     40  LD C,29
0163  cd 05 00        41     41  CALL 0005H
0166  22 4a 02        42     42  LD (POSTRO),HL
0169  1e 00           43     43  LD E,0
016b  0e 20           44     44  LD C,32
016d  cd 05 00        45     45  CALL 0005H
0170  21 80 00        46     46  LD HL,0080H
0173  36 ee           47     47  LD (HL),0EEH
0175  21 00 08        48     48  LD HL,0800H
0178  36 a5           49     49  LD (HL),0A5H
017a  11 4f 02        50     50  LD DE,FCB
017d  0e 11           51     51  LD C,17
017f  cd 05 00        52     52  CALL 0005H
0182  32 4c 02        53     53  LD (SRC),A
0185  3a 80 00        54     54  LD A,(0080H)
0188  32 4d 02        55     55  LD (D80),A
018b  3a 00 08        56     56  LD A,(0800H)
018e  32 4e 02        57     57  LD (D800),A
0191  31 f3 02        58     58  LD SP,STACK
0194  21 00 02        59     59  LD HL,MSG
0197  cd f3 02        60     60  CALL PUTS
Z80/8080-Macro-Assembler  Release 2.1	Tue Aug 18 07:17:02 2026	Page 2
Source file: RESET35.build.asm


LOC   OBJECT CODE   LINE   STMT SOURCE CODE
019a  3a 40 02        61     61  LD A,(PREDRV)
019d  cd 1a 03        62     62  CALL HEXB
01a0  cd 0b 03        63     63  CALL SPACE
01a3  3a 41 02        64     64  LD A,(PREUSR)
01a6  cd 1a 03        65     65  CALL HEXB
01a9  cd 0b 03        66     66  CALL SPACE
01ac  2a 44 02        67     67  LD HL,(PRELOG)
01af  cd 31 03        68     68  CALL HEXW
01b2  cd 0b 03        69     69  CALL SPACE
01b5  2a 46 02        70     70  LD HL,(PRERO)
01b8  cd 31 03        71     71  CALL HEXW
01bb  cd 0b 03        72     72  CALL SPACE
01be  3a 42 02        73     73  LD A,(POSTDRV)
01c1  cd 1a 03        74     74  CALL HEXB
01c4  cd 0b 03        75     75  CALL SPACE
01c7  3a 43 02        76     76  LD A,(POSTUSR)
01ca  cd 1a 03        77     77  CALL HEXB
01cd  cd 0b 03        78     78  CALL SPACE
01d0  2a 48 02        79     79  LD HL,(POSTLOG)
01d3  cd 31 03        80     80  CALL HEXW
01d6  cd 0b 03        81     81  CALL SPACE
01d9  2a 4a 02        82     82  LD HL,(POSTRO)
01dc  cd 31 03        83     83  CALL HEXW
01df  cd 0b 03        84     84  CALL SPACE
01e2  3a 4c 02        85     85  LD A,(SRC)
01e5  cd 1a 03        86     86  CALL HEXB
01e8  cd 0b 03        87     87  CALL SPACE
01eb  3a 4d 02        88     88  LD A,(D80)
01ee  cd 1a 03        89     89  CALL HEXB
01f1  cd 0b 03        90     90  CALL SPACE
01f4  3a 4e 02        91     91  LD A,(D800)
01f7  cd 1a 03        92     92  CALL HEXB
01fa  cd 10 03        93     93  CALL CRLF
01fd  c3 39 03        94     94  JP EXIT0
0200  52 45 53 45     95     95 MSG: DB 'RESET35 PRE D/U/LOGIN/RO POST D/U/LOGIN/RO SEARCH DMA80 DMA800 ',0
0204  54 33 35 20     95     96
0208  50 52 45 20     95     97
020c  44 2f 55 2f     95     98
0210  4c 4f 47 49     95     99
0214  4e 2f 52 4f     95    100
0218  20 50 4f 53     95    101
021c  54 20 44 2f     95    102
0220  55 2f 4c 4f     95    103
0224  47 49 4e 2f     95    104
0228  52 4f 20 53     95    105
022c  45 41 52 43     95    106
0230  48 20 44 4d     95    107
0234  41 38 30 20     95    108
0238  44 4d 41 38     95    109
023c  30 30 20 00     95    110
0240  00              96    111 PREDRV: DB 0
0241  00              97    112 PREUSR: DB 0
0242  00              98    113 POSTDRV: DB 0
0243  00              99    114 POSTUSR: DB 0
0244  00 00          100    115 PRELOG: DW 0
0246  00 00          101    116 PRERO: DW 0
0248  00 00          102    117 POSTLOG: DW 0
024a  00 00          103    118 POSTRO: DW 0
024c  00             104    119 SRC: DB 0
024d  00             105    120 D80: DB 0
Z80/8080-Macro-Assembler  Release 2.1	Tue Aug 18 07:17:02 2026	Page 3
Source file: RESET35.build.asm


LOC   OBJECT CODE   LINE   STMT SOURCE CODE
024e  00             106    121 D800: DB 0
024f  00 41 54 54    107    122 FCB: DB 0,'ATTR    DAT',0,0,0,0
0253  52 20 20 20    107    123
0257  20 44 41 54    107    124
025b  00 00 00 00    107    125
025f                 108    126  DS 16
026f  00             109    127  DB 0
0270                 110    128  DS 3
0273                 111    129  DS 128
02f3                 112    130 STACK:
02f3  7e             113    131 PUTS: LD A,(HL)
02f4  23             114    132  INC HL
02f5  b7             115    133  OR A
02f6  c8             116    134  RET Z
02f7  5f             117    135  LD E,A
02f8  cd fd 02       118    136  CALL PUTC
02fb  18 f6          119    137  JR PUTS
02fd  f5             120    138 PUTC: PUSH AF
02fe  c5             121    139  PUSH BC
02ff  d5             122    140  PUSH DE
0300  e5             123    141  PUSH HL
0301  0e 02          124    142  LD C,2
0303  cd 05 00       125    143  CALL 0005H
0306  e1             126    144  POP HL
0307  d1             127    145  POP DE
0308  c1             128    146  POP BC
0309  f1             129    147  POP AF
030a  c9             130    148  RET
030b  1e 20          131    149 SPACE: LD E,' '
030d  c3 fd 02       132    150  JP PUTC
0310  1e 0d          133    151 CRLF: LD E,13
0312  cd fd 02       134    152  CALL PUTC
0315  1e 0a          135    153  LD E,10
0317  c3 fd 02       136    154  JP PUTC
031a  f5             137    155 HEXB: PUSH AF
031b  0f             138    156  RRCA
031c  0f             139    157  RRCA
031d  0f             140    158  RRCA
031e  0f             141    159  RRCA
031f  cd 23 03       142    160  CALL NIB
0322  f1             143    161  POP AF
0323  e6 0f          144    162 NIB: AND 0FH
0325  c6 30          145    163  ADD A,'0'
0327  fe 3a          146    164  CP '9'+1
0329  38 02          147    165  JR C,NOUT
032b  c6 07          148    166  ADD A,7
032d  5f             149    167 NOUT: LD E,A
032e  c3 fd 02       150    168  JP PUTC
0331  7c             151    169 HEXW: LD A,H
0332  cd 1a 03       152    170  CALL HEXB
0335  7d             153    171  LD A,L
0336  c3 1a 03       154    172  JP HEXB
0339  0e 00          155    173 EXIT0: LD C,0
033b  c3 05 00       156    174  JP 0005H
                     157    175
033e                 158    176  END
