Z80/8080-Macro-Assembler  Release 2.1	Tue Aug 18 07:17:02 2026	Page 1
Source file: RET35.build.asm


LOC   OBJECT CODE   LINE   STMT SOURCE CODE
                       1      1  ORG 0100H
0100  3e 52            2      2  LD A,'R'
0102  c3 05 01         3      3  JP MUTBEGIN
0105  32 98 01         4      4 MUTBEGIN: LD (MODE),A
0108  11 72 01         5      5  LD DE,MSG
010b  0e 09            6      6  LD C,9
010d  cd 05 00         7      7  CALL 0005H
0110  1e 01            8      8  LD E,1
0112  0e 0e            9      9  LD C,14
0114  cd 05 00        10     10  CALL 0005H
0117  1e 07           11     11  LD E,7
0119  0e 20           12     12  LD C,32
011b  cd 05 00        13     13  CALL 0005H
011e  11 00 08        14     14  LD DE,0800H
0121  0e 1a           15     15  LD C,26
0123  cd 05 00        16     16  CALL 0005H
0126  3e 40           17     17  LD A,40H
0128  32 03 00        18     18  LD (0003H),A
012b  3e 71           19     19  LD A,071H
012d  32 04 00        20     20  LD (0004H),A
0130  3e 5a           21     21  LD A,05AH
0132  32 50 00        22     22  LD (0050H),A
0135  3e a5           23     23  LD A,0A5H
0137  32 00 d0        24     24  LD (0D000H),A
013a  2a 01 00        25     25  LD HL,(0001H)
013d  22 41 00        26     26  LD (0041H),HL
0140  3e c3           27     27  LD A,0C3H
0142  32 40 00        28     28  LD (0040H),A
0145  21 40 00        29     29  LD HL,0040H
0148  22 01 00        30     30  LD (0001H),HL
014b  32 00 00        31     31  LD (0000H),A
014e  2a 06 00        32     32  LD HL,(0006H)
0151  22 44 00        33     33  LD (0044H),HL
0154  32 43 00        34     34  LD (0043H),A
0157  21 43 00        35     35  LD HL,0043H
015a  22 06 00        36     36  LD (0006H),HL
015d  32 05 00        37     37  LD (0005H),A
0160  3a 98 01        38     38  LD A,(MODE)
0163  fe 52           39     39  CP 'R'
0165  c8              40     40  RET Z
0166  fe 46           41     41  CP 'F'
0168  28 03           42     42  JR Z,DOF0
016a  c3 00 00        43     43  JP 0000H
016d  0e 00           44     44 DOF0: LD C,0
016f  c3 05 00        45     45  JP 0005H
0172  4d 55 54 41     46     46 MSG: DB 'MUTATE35 B/U7/DMA0800/IO40/PZ/TD000',13,10,'$'
0176  54 45 33 35     46     47
017a  20 42 2f 55     46     48
017e  37 2f 44 4d     46     49
0182  41 30 38 30     46     50
0186  30 2f 49 4f     46     51
018a  34 30 2f 50     46     52
018e  5a 2f 54 44     46     53
0192  30 30 30 0d     46     54
0196  0a 24           46     55
0198  00              47     56 MODE: DB 0
0199                  48     57  END
