Z80/8080-Macro-Assembler  Release 2.1	Mon Aug 17 20:18:06 2026	Page 1
Source file: FCB30.build.asm


LOC   OBJECT CODE   LINE   STMT SOURCE CODE
                       1      1 ; Purpose: FCB sequential/random position, allocation and size-state cases.
                       2      2 ; Investigation 013 random access/file size probe
                       3      3 ; Build: z80asm -fb -oRAND013.COM RAND013.ASM
                       4      4 	ORG 0100H
0100                   5      5 START:
0100  31 7c 07         6      6 	LD SP,STACKTOP
0103  11 98 04         7      7 	LD DE,HEADER
0106  0e 09            8      8 	LD C,9
0108  cd 05 00         9      9 	CALL 0005H
                      10     10
                      11     11 	; Function 36 maps current EX/S2/CR to r0/r1/r2; no disk activation.
010b  21 18 04        12     12 	LD HL,FONE
010e  cd 69 03        13     13 	CALL LOADFCB
0111  af              14     14 	XOR A
0112  cd fd 02        15     15 	CALL SETPOS
0115  11 be 04        16     16 	LD DE,LSR0
0118  cd 08 03        17     17 	CALL F36REPORT
011b  3e 01           18     18 	LD A,1
011d  cd fd 02        19     19 	CALL SETPOS
0120  11 c7 04        20     20 	LD DE,LSR1
0123  cd 08 03        21     21 	CALL F36REPORT
0126  3e 7f           22     22 	LD A,127
0128  cd fd 02        23     23 	CALL SETPOS
012b  11 d0 04        24     24 	LD DE,LSR127
012e  cd 08 03        25     25 	CALL F36REPORT
0131  3e 80           26     26 	LD A,128
0133  cd fd 02        27     27 	CALL SETPOS
0136  11 db 04        28     28 	LD DE,LSR128A
0139  cd 08 03        29     29 	CALL F36REPORT
013c  3e 01           30     30 	LD A,1
013e  32 44 06        31     31 	LD (FCB+12),A
0141  af              32     32 	XOR A
0142  32 58 06        33     33 	LD (FCB+32),A
0145  11 e8 04        34     34 	LD DE,LSR128B
0148  cd 08 03        35     35 	CALL F36REPORT
014b  3e 7f           36     36 	LD A,127
014d  32 58 06        37     37 	LD (FCB+32),A
0150  11 f3 04        38     38 	LD DE,LSR255
0153  cd 08 03        39     39 	CALL F36REPORT
0156  3e 02           40     40 	LD A,2
0158  32 44 06        41     41 	LD (FCB+12),A
015b  af              42     42 	XOR A
015c  32 58 06        43     43 	LD (FCB+32),A
015f  11 fe 04        44     44 	LD DE,LSR256
0162  cd 08 03        45     45 	CALL F36REPORT
0165  3e 1f           46     46 	LD A,31
0167  32 44 06        47     47 	LD (FCB+12),A
016a  3e 0f           48     48 	LD A,15
016c  32 46 06        49     49 	LD (FCB+14),A
016f  3e 7f           50     50 	LD A,127
0171  32 58 06        51     51 	LD (FCB+32),A
0174  11 09 05        52     52 	LD DE,LSRMAX
0177  cd 08 03        53     53 	CALL F36REPORT
                      54     54
                      55     55 	; File-size shapes.
017a  21 08 04        56     56 	LD HL,FEMPTY
017d  11 16 05        57     57 	LD DE,LSZEMPTY
0180  cd 12 03        58     58 	CALL SIZEREPORT
0183  21 18 04        59     59 	LD HL,FONE
0186  11 22 05        60     60 	LD DE,LSZONE
Z80/8080-Macro-Assembler  Release 2.1	Mon Aug 17 20:18:06 2026	Page 2
Source file: FCB30.build.asm


LOC   OBJECT CODE   LINE   STMT SOURCE CODE
0189  cd 12 03        61     61 	CALL SIZEREPORT
018c  21 28 04        62     62 	LD HL,F127
018f  11 2c 05        63     63 	LD DE,LSZ127
0192  cd 12 03        64     64 	CALL SIZEREPORT
0195  21 38 04        65     65 	LD HL,F128
0198  11 36 05        66     66 	LD DE,LSZ128
019b  cd 12 03        67     67 	CALL SIZEREPORT
019e  21 48 04        68     68 	LD HL,FBIG
01a1  11 40 05        69     69 	LD DE,LSZ130
01a4  cd 12 03        70     70 	CALL SIZEREPORT
                      71     71
                      72     72 	; Random reads: first, middle, final, EOF, missing extent, empty.
01a7  21 48 04        73     73 	LD HL,FBIG
01aa  cd 4d 03        74     74 	CALL OPENFCB
01ad  21 00 00        75     75 	LD HL,0
01b0  3e 00           76     76 	LD A,0
01b2  cd 46 03        77     77 	CALL SETRR
01b5  11 4a 05        78     78 	LD DE,LRD0
01b8  cd 1f 03        79     79 	CALL READREPORT
01bb  21 40 00        80     80 	LD HL,64
01be  3e 00           81     81 	LD A,0
01c0  cd 46 03        82     82 	CALL SETRR
01c3  11 52 05        83     83 	LD DE,LRD64
01c6  cd 1f 03        84     84 	CALL READREPORT
01c9  21 81 00        85     85 	LD HL,129
01cc  3e 00           86     86 	LD A,0
01ce  cd 46 03        87     87 	CALL SETRR
01d1  11 5b 05        88     88 	LD DE,LRD129
01d4  cd 1f 03        89     89 	CALL READREPORT
01d7  21 82 00        90     90 	LD HL,130
01da  3e 00           91     91 	LD A,0
01dc  cd 46 03        92     92 	CALL SETRR
01df  11 65 05        93     93 	LD DE,LRDEOF
01e2  cd 1f 03        94     94 	CALL READREPORT
01e5  21 00 01        95     95 	LD HL,256
01e8  3e 00           96     96 	LD A,0
01ea  cd 46 03        97     97 	CALL SETRR
01ed  11 72 05        98     98 	LD DE,LRDHOLE
01f0  cd 1f 03        99     99 	CALL READREPORT
01f3  21 08 04       100    100 	LD HL,FEMPTY
01f6  cd 4d 03       101    101 	CALL OPENFCB
01f9  21 00 00       102    102 	LD HL,0
01fc  3e 00          103    103 	LD A,0
01fe  cd 46 03       104    104 	CALL SETRR
0201  11 81 05       105    105 	LD DE,LRDEMPTY
0204  cd 1f 03       106    106 	CALL READREPORT
                     107    107
                     108    108 	; Overwrite and append one record to existing file.
0207  21 18 04       109    109 	LD HL,FONE
020a  cd 4d 03       110    110 	CALL OPENFCB
020d  3e 57          111    111 	LD A,'W'
020f  cd 7c 03       112    112 	CALL FILLBUF
0212  21 00 00       113    113 	LD HL,0
0215  3e 00          114    114 	LD A,0
0217  cd 46 03       115    115 	CALL SETRR
021a  11 8d 05       116    116 	LD DE,LWROVER
021d  cd 3c 03       117    117 	CALL WRITEREPORT
0220  3e 41          118    118 	LD A,'A'
0222  cd 7c 03       119    119 	CALL FILLBUF
0225  21 01 00       120    120 	LD HL,1
Z80/8080-Macro-Assembler  Release 2.1	Mon Aug 17 20:18:06 2026	Page 3
Source file: FCB30.build.asm


LOC   OBJECT CODE   LINE   STMT SOURCE CODE
0228  3e 00          121    121 	LD A,0
022a  cd 46 03       122    122 	CALL SETRR
022d  11 9a 05       123    123 	LD DE,LWRAPP
0230  cd 3c 03       124    124 	CALL WRITEREPORT
0233  0e 10          125    125 	LD C,16
0235  cd 5f 03       126    126 	CALL CALLFCB
                     127    127
                     128    128 	; Sparse record 10, close, size=11, hole read=1, record10 succeeds.
0238  21 58 04       129    129 	LD HL,FSPARSE
023b  cd 56 03       130    130 	CALL MAKEFCB
023e  3e 53          131    131 	LD A,'S'
0240  cd 7c 03       132    132 	CALL FILLBUF
0243  21 0a 00       133    133 	LD HL,10
0246  3e 00          134    134 	LD A,0
0248  cd 46 03       135    135 	CALL SETRR
024b  11 a9 05       136    136 	LD DE,LWR10
024e  cd 3c 03       137    137 	CALL WRITEREPORT
0251  0e 10          138    138 	LD C,16
0253  cd 5f 03       139    139 	CALL CALLFCB
0256  21 58 04       140    140 	LD HL,FSPARSE
0259  11 b9 05       141    141 	LD DE,LSZ11
025c  cd 12 03       142    142 	CALL SIZEREPORT
025f  21 58 04       143    143 	LD HL,FSPARSE
0262  cd 4d 03       144    144 	CALL OPENFCB
0265  21 05 00       145    145 	LD HL,5
0268  3e 00          146    146 	LD A,0
026a  cd 46 03       147    147 	CALL SETRR
026d  11 c8 05       148    148 	LD DE,LRDSPHOLE
0270  cd 1f 03       149    149 	CALL READREPORT
0273  21 0a 00       150    150 	LD HL,10
0276  3e 00          151    151 	LD A,0
0278  cd 46 03       152    152 	CALL SETRR
027b  11 d6 05       153    153 	LD DE,LRDSP10
027e  cd 1f 03       154    154 	CALL READREPORT
                     155    155
                     156    156 	; New extent via random write at record 128.
0281  21 68 04       157    157 	LD HL,FCROSS
0284  cd 56 03       158    158 	CALL MAKEFCB
0287  3e 58          159    159 	LD A,'X'
0289  cd 7c 03       160    160 	CALL FILLBUF
028c  21 80 00       161    161 	LD HL,128
028f  3e 00          162    162 	LD A,0
0291  cd 46 03       163    163 	CALL SETRR
0294  11 e5 05       164    164 	LD DE,LWR128
0297  cd 3c 03       165    165 	CALL WRITEREPORT
029a  0e 10          166    166 	LD C,16
029c  cd 5f 03       167    167 	CALL CALLFCB
029f  21 68 04       168    168 	LD HL,FCROSS
02a2  11 f0 05       169    169 	LD DE,LSZ129
02a5  cd 12 03       170    170 	CALL SIZEREPORT
                     171    171
                     172    172 	; Highest supported record, virtual size 65536.
02a8  21 78 04       173    173 	LD HL,FMAX
02ab  cd 56 03       174    174 	CALL MAKEFCB
02ae  3e 4d          175    175 	LD A,'M'
02b0  cd 7c 03       176    176 	CALL FILLBUF
02b3  21 ff ff       177    177 	LD HL,0FFFFH
02b6  3e 00          178    178 	LD A,0
02b8  cd 46 03       179    179 	CALL SETRR
02bb  11 ff 05       180    180 	LD DE,LWRMAX
Z80/8080-Macro-Assembler  Release 2.1	Mon Aug 17 20:18:06 2026	Page 4
Source file: FCB30.build.asm


LOC   OBJECT CODE   LINE   STMT SOURCE CODE
02be  cd 3c 03       181    181 	CALL WRITEREPORT
02c1  0e 10          182    182 	LD C,16
02c3  cd 5f 03       183    183 	CALL CALLFCB
02c6  21 78 04       184    184 	LD HL,FMAX
02c9  11 0c 06       185    185 	LD DE,LSZMAX
02cc  cd 12 03       186    186 	CALL SIZEREPORT
                     187    187
                     188    188 	; r2 nonzero overflow and allocation-full random write on B.
02cf  21 18 04       189    189 	LD HL,FONE
02d2  cd 4d 03       190    190 	CALL OPENFCB
02d5  21 00 00       191    191 	LD HL,0
02d8  3e 01          192    192 	LD A,1
02da  cd 46 03       193    193 	CALL SETRR
02dd  11 18 06       194    194 	LD DE,LRDOVER
02e0  cd 1f 03       195    195 	CALL READREPORT
02e3  21 88 04       196    196 	LD HL,FBFULL
02e6  cd 56 03       197    197 	CALL MAKEFCB
02e9  3e 46          198    198 	LD A,'F'
02eb  cd 7c 03       199    199 	CALL FILLBUF
02ee  21 00 00       200    200 	LD HL,0
02f1  3e 00          201    201 	LD A,0
02f3  cd 46 03       202    202 	CALL SETRR
02f6  11 26 06       203    203 	LD DE,LWRFULL
02f9  cd 3c 03       204    204 	CALL WRITEREPORT
02fc  c9             205    205 	RET
                     206    206
02fd                 207    207 SETPOS:
02fd  32 58 06       208    208 	LD (FCB+32),A
0300  af             209    209 	XOR A
0301  32 44 06       210    210 	LD (FCB+12),A
0304  32 46 06       211    211 	LD (FCB+14),A
0307  c9             212    212 	RET
0308                 213    213 F36REPORT:
0308  d5             214    214 	PUSH DE
0309  0e 24          215    215 	LD C,36
030b  cd 5f 03       216    216 	CALL CALLFCB
030e  d1             217    217 	POP DE
030f  c3 91 03       218    218 	JP REPORT
0312                 219    219 SIZEREPORT:
0312  d5             220    220 	PUSH DE
0313  cd 69 03       221    221 	CALL LOADFCB
0316  0e 23          222    222 	LD C,35
0318  cd 5f 03       223    223 	CALL CALLFCB
031b  d1             224    224 	POP DE
031c  c3 91 03       225    225 	JP REPORT
031f                 226    226 READREPORT:
031f  d5             227    227 	PUSH DE
0320  21 5c 06       228    228 	LD HL,BUF
0323  06 80          229    229 	LD B,128
0325  3e ee          230    230 	LD A,0EEH
0327  77             231    231 RRFILL: LD (HL),A
0328  23             232    232 	INC HL
0329  10 fc          233    233 	DJNZ RRFILL
032b  11 5c 06       234    234 	LD DE,BUF
032e  0e 1a          235    235 	LD C,26
0330  cd 05 00       236    236 	CALL 0005H
0333  0e 21          237    237 	LD C,33
0335  cd 5f 03       238    238 	CALL CALLFCB
0338  d1             239    239 	POP DE
0339  c3 91 03       240    240 	JP REPORT
Z80/8080-Macro-Assembler  Release 2.1	Mon Aug 17 20:18:06 2026	Page 5
Source file: FCB30.build.asm


LOC   OBJECT CODE   LINE   STMT SOURCE CODE
033c                 241    241 WRITEREPORT:
033c  d5             242    242 	PUSH DE
033d  0e 22          243    243 	LD C,34
033f  cd 5f 03       244    244 	CALL CALLFCB
0342  d1             245    245 	POP DE
0343  c3 91 03       246    246 	JP REPORT
                     247    247
0346                 248    248 SETRR:
0346  22 59 06       249    249 	LD (FCB+33),HL
0349  32 5b 06       250    250 	LD (FCB+35),A
034c  c9             251    251 	RET
034d                 252    252 OPENFCB:
034d  cd 69 03       253    253 	CALL LOADFCB
0350  0e 0f          254    254 	LD C,15
0352  cd 5f 03       255    255 	CALL CALLFCB
0355  c9             256    256 	RET
0356                 257    257 MAKEFCB:
0356  cd 69 03       258    258 	CALL LOADFCB
0359  0e 16          259    259 	LD C,22
035b  cd 5f 03       260    260 	CALL CALLFCB
035e  c9             261    261 	RET
035f                 262    262 CALLFCB:
035f  11 38 06       263    263 	LD DE,FCB
0362  cd 05 00       264    264 	CALL 0005H
0365  32 36 06       265    265 	LD (RESULT),A
0368  c9             266    266 	RET
0369                 267    267 LOADFCB:
0369  11 38 06       268    268 	LD DE,FCB
036c  01 10 00       269    269 	LD BC,16
036f  ed b0          270    270 	LDIR
0371  af             271    271 	XOR A
0372  21 48 06       272    272 	LD HL,FCB+16
0375  06 14          273    273 	LD B,20
0377  77             274    274 LF0: LD (HL),A
0378  23             275    275 	INC HL
0379  10 fc          276    276 	DJNZ LF0
037b  c9             277    277 	RET
037c                 278    278 FILLBUF:
037c  21 5c 06       279    279 	LD HL,BUF
037f  77             280    280 	LD (HL),A
0380  23             281    281 	INC HL
0381  06 7f          282    282 	LD B,127
0383  af             283    283 	XOR A
0384  77             284    284 FF0: LD (HL),A
0385  23             285    285 	INC HL
0386  10 fc          286    286 	DJNZ FF0
0388  11 5c 06       287    287 	LD DE,BUF
038b  0e 1a          288    288 	LD C,26
038d  cd 05 00       289    289 	CALL 0005H
0390  c9             290    290 	RET
                     291    291
0391                 292    292 REPORT:
0391  d5             293    293 	PUSH DE
0392  0e 19          294    294 	LD C,25
0394  cd 05 00       295    295 	CALL 0005H
0397  32 37 06       296    296 	LD (CURDISK),A
039a  e1             297    297 	POP HL
039b  cd dd 03       298    298 	CALL PUTS
039e  3a 36 06       299    299 	LD A,(RESULT)
03a1  cd f1 03       300    300 	CALL HEXBYTE
Z80/8080-Macro-Assembler  Release 2.1	Mon Aug 17 20:18:06 2026	Page 6
Source file: FCB30.build.asm


LOC   OBJECT CODE   LINE   STMT SOURCE CODE
03a4  1e 20          301    301 	LD E,' '
03a6  cd d1 03       302    302 	CALL PUTC
03a9  3a 37 06       303    303 	LD A,(CURDISK)
03ac  cd f1 03       304    304 	CALL HEXBYTE
03af  1e 20          305    305 	LD E,' '
03b1  cd d1 03       306    306 	CALL PUTC
03b4  21 38 06       307    307 	LD HL,FCB
03b7  06 24          308    308 	LD B,36
03b9  7e             309    309 RP0: LD A,(HL)
03ba  23             310    310 	INC HL
03bb  e5             311    311 	PUSH HL
03bc  cd f1 03       312    312 	CALL HEXBYTE
03bf  1e 20          313    313 	LD E,' '
03c1  cd d1 03       314    314 	CALL PUTC
03c4  e1             315    315 	POP HL
03c5  10 f2          316    316 	DJNZ RP0
03c7  3a 5c 06       317    317 	LD A,(BUF)
03ca  cd f1 03       318    318 	CALL HEXBYTE
03cd  cd e7 03       319    319 	CALL CRLF
03d0  c9             320    320 	RET
03d1                 321    321 PUTC:
03d1  c5             322    322 	PUSH BC
03d2  d5             323    323 	PUSH DE
03d3  e5             324    324 	PUSH HL
03d4  0e 02          325    325 	LD C,2
03d6  cd 05 00       326    326 	CALL 0005H
03d9  e1             327    327 	POP HL
03da  d1             328    328 	POP DE
03db  c1             329    329 	POP BC
03dc  c9             330    330 	RET
03dd  7e             331    331 PUTS: LD A,(HL)
03de  23             332    332 	INC HL
03df  b7             333    333 	OR A
03e0  c8             334    334 	RET Z
03e1  5f             335    335 	LD E,A
03e2  cd d1 03       336    336 	CALL PUTC
03e5  18 f6          337    337 	JR PUTS
03e7  1e 0d          338    338 CRLF: LD E,13
03e9  cd d1 03       339    339 	CALL PUTC
03ec  1e 0a          340    340 	LD E,10
03ee  c3 d1 03       341    341 	JP PUTC
03f1                 342    342 HEXBYTE:
03f1  f5             343    343 	PUSH AF
03f2  0f             344    344 	RRCA
03f3  0f             345    345 	RRCA
03f4  0f             346    346 	RRCA
03f5  0f             347    347 	RRCA
03f6  cd fa 03       348    348 	CALL NIBBLE
03f9  f1             349    349 	POP AF
03fa                 350    350 NIBBLE:
03fa  e6 0f          351    351 	AND 0FH
03fc  c6 30          352    352 	ADD A,'0'
03fe  fe 3a          353    353 	CP '9'+1
0400  38 02          354    354 	JR C,NOUT
0402  c6 07          355    355 	ADD A,7
0404  5f             356    356 NOUT: LD E,A
0405  c3 d1 03       357    357 	JP PUTC
                     358    358
0408  00 45 4d 50    359    359 FEMPTY: DB 0,'EMPTY   ','DAT',0,0,0,0
040c  54 59 20 20    359    360
Z80/8080-Macro-Assembler  Release 2.1	Mon Aug 17 20:18:06 2026	Page 7
Source file: FCB30.build.asm


LOC   OBJECT CODE   LINE   STMT SOURCE CODE
0410  20 44 41 54    359    361
0414  00 00 00 00    359    362
0418  00 4f 4e 45    360    363 FONE: DB 0,'ONE     ','DAT',0,0,0,0
041c  20 20 20 20    360    364
0420  20 44 41 54    360    365
0424  00 00 00 00    360    366
0428  00 52 45 43    361    367 F127: DB 0,'REC127  ','DAT',0,0,0,0
042c  31 32 37 20    361    368
0430  20 44 41 54    361    369
0434  00 00 00 00    361    370
0438  00 52 45 43    362    371 F128: DB 0,'REC128  ','DAT',0,0,0,0
043c  31 32 38 20    362    372
0440  20 44 41 54    362    373
0444  00 00 00 00    362    374
0448  00 42 49 47    363    375 FBIG: DB 0,'BIG130  ','DAT',0,0,0,0
044c  31 33 30 20    363    376
0450  20 44 41 54    363    377
0454  00 00 00 00    363    378
0458  00 53 50 41    364    379 FSPARSE: DB 0,'SPARSE  ','DAT',0,0,0,0
045c  52 53 45 20    364    380
0460  20 44 41 54    364    381
0464  00 00 00 00    364    382
0468  00 43 52 4f    365    383 FCROSS: DB 0,'CROSS   ','DAT',0,0,0,0
046c  53 53 20 20    365    384
0470  20 44 41 54    365    385
0474  00 00 00 00    365    386
0478  00 4d 41 58    366    387 FMAX: DB 0,'MAXREC  ','DAT',0,0,0,0
047c  52 45 43 20    366    388
0480  20 44 41 54    366    389
0484  00 00 00 00    366    390
0488  02 46 55 4c    367    391 FBFULL: DB 2,'FULLWR  ','DAT',0,0,0,0
048c  4c 57 52 20    367    392
0490  20 44 41 54    367    393
0494  00 00 00 00    367    394
                     368    395
0498  52 41 4e 44    369    396 HEADER: DB 'RAND013 result current fcb[36] dma0',13,10,'$'
049c  30 31 33 20    369    397
04a0  72 65 73 75    369    398
04a4  6c 74 20 63    369    399
04a8  75 72 72 65    369    400
04ac  6e 74 20 66    369    401
04b0  63 62 5b 33    369    402
04b4  36 5d 20 64    369    403
04b8  6d 61 30 0d    369    404
04bc  0a 24          369    405
04be  53 45 54 52    370    406 LSR0: DB 'SETRR-0 ',0
04c2  52 2d 30 20    370    407
04c6  00             370    408
04c7  53 45 54 52    371    409 LSR1: DB 'SETRR-1 ',0
04cb  52 2d 31 20    371    410
04cf  00             371    411
04d0  53 45 54 52    372    412 LSR127: DB 'SETRR-127 ',0
04d4  52 2d 31 32    372    413
04d8  37 20 00       372    414
04db  53 45 54 52    373    415 LSR128A: DB 'SETRR-CR128 ',0
04df  52 2d 43 52    373    416
04e3  31 32 38 20    373    417
04e7  00             373    418
04e8  53 45 54 52    374    419 LSR128B: DB 'SETRR-EX1 ',0
04ec  52 2d 45 58    374    420
Z80/8080-Macro-Assembler  Release 2.1	Mon Aug 17 20:18:06 2026	Page 8
Source file: FCB30.build.asm


LOC   OBJECT CODE   LINE   STMT SOURCE CODE
04f0  31 20 00       374    421
04f3  53 45 54 52    375    422 LSR255: DB 'SETRR-255 ',0
04f7  52 2d 32 35    375    423
04fb  35 20 00       375    424
04fe  53 45 54 52    376    425 LSR256: DB 'SETRR-256 ',0
0502  52 2d 32 35    376    426
0506  36 20 00       376    427
0509  53 45 54 52    377    428 LSRMAX: DB 'SETRR-65535 ',0
050d  52 2d 36 35    377    429
0511  35 33 35 20    377    430
0515  00             377    431
0516  53 49 5a 45    378    432 LSZEMPTY: DB 'SIZE-EMPTY ',0
051a  2d 45 4d 50    378    433
051e  54 59 20 00    378    434
0522  53 49 5a 45    379    435 LSZONE: DB 'SIZE-ONE ',0
0526  2d 4f 4e 45    379    436
052a  20 00          379    437
052c  53 49 5a 45    380    438 LSZ127: DB 'SIZE-127 ',0
0530  2d 31 32 37    380    439
0534  20 00          380    440
0536  53 49 5a 45    381    441 LSZ128: DB 'SIZE-128 ',0
053a  2d 31 32 38    381    442
053e  20 00          381    443
0540  53 49 5a 45    382    444 LSZ130: DB 'SIZE-130 ',0
0544  2d 31 33 30    382    445
0548  20 00          382    446
054a  52 45 41 44    383    447 LRD0: DB 'READ-0 ',0
054e  2d 30 20 00    383    448
0552  52 45 41 44    384    449 LRD64: DB 'READ-64 ',0
0556  2d 36 34 20    384    450
055a  00             384    451
055b  52 45 41 44    385    452 LRD129: DB 'READ-129 ',0
055f  2d 31 32 39    385    453
0563  20 00          385    454
0565  52 45 41 44    386    455 LRDEOF: DB 'READ-EOF130 ',0
0569  2d 45 4f 46    386    456
056d  31 33 30 20    386    457
0571  00             386    458
0572  52 45 41 44    387    459 LRDHOLE: DB 'READ-NOEXT256 ',0
0576  2d 4e 4f 45    387    460
057a  58 54 32 35    387    461
057e  36 20 00       387    462
0581  52 45 41 44    388    463 LRDEMPTY: DB 'READ-EMPTY ',0
0585  2d 45 4d 50    388    464
0589  54 59 20 00    388    465
058d  57 52 49 54    389    466 LWROVER: DB 'WRITE-OVER0 ',0
0591  45 2d 4f 56    389    467
0595  45 52 30 20    389    468
0599  00             389    469
059a  57 52 49 54    390    470 LWRAPP: DB 'WRITE-APPEND1 ',0
059e  45 2d 41 50    390    471
05a2  50 45 4e 44    390    472
05a6  31 20 00       390    473
05a9  57 52 49 54    391    474 LWR10: DB 'WRITE-SPARSE10 ',0
05ad  45 2d 53 50    391    475
05b1  41 52 53 45    391    476
05b5  31 30 20 00    391    477
05b9  53 49 5a 45    392    478 LSZ11: DB 'SIZE-SPARSE11 ',0
05bd  2d 53 50 41    392    479
05c1  52 53 45 31    392    480
Z80/8080-Macro-Assembler  Release 2.1	Mon Aug 17 20:18:06 2026	Page 9
Source file: FCB30.build.asm


LOC   OBJECT CODE   LINE   STMT SOURCE CODE
05c5  31 20 00       392    481
05c8  52 45 41 44    393    482 LRDSPHOLE: DB 'READ-SPARSE5 ',0
05cc  2d 53 50 41    393    483
05d0  52 53 45 35    393    484
05d4  20 00          393    485
05d6  52 45 41 44    394    486 LRDSP10: DB 'READ-SPARSE10 ',0
05da  2d 53 50 41    394    487
05de  52 53 45 31    394    488
05e2  30 20 00       394    489
05e5  57 52 49 54    395    490 LWR128: DB 'WRITE-128 ',0
05e9  45 2d 31 32    395    491
05ed  38 20 00       395    492
05f0  53 49 5a 45    396    493 LSZ129: DB 'SIZE-CROSS129 ',0
05f4  2d 43 52 4f    396    494
05f8  53 53 31 32    396    495
05fc  39 20 00       396    496
05ff  57 52 49 54    397    497 LWRMAX: DB 'WRITE-65535 ',0
0603  45 2d 36 35    397    498
0607  35 33 35 20    397    499
060b  00             397    500
060c  53 49 5a 45    398    501 LSZMAX: DB 'SIZE-65536 ',0
0610  2d 36 35 35    398    502
0614  33 36 20 00    398    503
0618  52 45 41 44    399    504 LRDOVER: DB 'READ-R2-OVER ',0
061c  2d 52 32 2d    399    505
0620  4f 56 45 52    399    506
0624  20 00          399    507
0626  57 52 49 54    400    508 LWRFULL: DB 'WRITE-DISKFULL ',0
062a  45 2d 44 49    400    509
062e  53 4b 46 55    400    510
0632  4c 4c 20 00    400    511
                     401    512
0636  00             402    513 RESULT: DB 0
0637  00             403    514 CURDISK: DB 0
0638                 404    515 FCB: DS 36,0
065c                 405    516 BUF: DS 128,0
06dc                 406    517 	DS 160
077c                 407    518 STACKTOP:
077c                 408    519 	END START
