Z80/8080-Macro-Assembler  Release 2.1	Sun Aug 16 19:01:49 2026	Page 1
Source file: CHECK28.build.asm


LOC   OBJECT CODE   LINE   STMT SOURCE CODE
                       1      1  ORG 100H
0100  31 c9 01         2      2  LD SP,STACK
0103  21 2d 01         3      3  LD HL,MSG
0106  cd c9 01         4      4  CALL PUTS
0109  0e 19            5      5  LD C,25
010b  cd 05 00         6      6  CALL 5
010e  cd f0 01         7      7  CALL HEXB
0111  cd e1 01         8      8  CALL SPACE
0114  1e ff            9      9  LD E,0FFH
0116  0e 20           10     10  LD C,32
0118  cd 05 00        11     11  CALL 5
011b  cd f0 01        12     12  CALL HEXB
011e  cd e1 01        13     13  CALL SPACE
0121  3a 00 50        14     14  LD A,(05000H)
0124  cd f0 01        15     15  CALL HEXB
0127  cd e6 01        16     16  CALL CRLF
012a  c3 0f 02        17     17  JP EXIT
012d  43 48 45 43     18     18 MSG: DB 'CHECK28 drive user mem5000 ',0
0131  4b 32 38 20     18     19
0135  64 72 69 76     18     20
0139  65 20 75 73     18     21
013d  65 72 20 6d     18     22
0141  65 6d 35 30     18     23
0145  30 30 20 00     18     24
0149                  19     25  DS 128
01c9                  20     26 STACK:
01c9  7e              21     27 PUTS: LD A,(HL)
01ca  23              22     28  INC HL
01cb  b7              23     29  OR A
01cc  c8              24     30  RET Z
01cd  5f              25     31  LD E,A
01ce  cd d3 01        26     32  CALL PUTC
01d1  18 f6           27     33  JR PUTS
01d3  f5              28     34 PUTC: PUSH AF
01d4  c5              29     35  PUSH BC
01d5  d5              30     36  PUSH DE
01d6  e5              31     37  PUSH HL
01d7  0e 02           32     38  LD C,2
01d9  cd 05 00        33     39  CALL 5
01dc  e1              34     40  POP HL
01dd  d1              35     41  POP DE
01de  c1              36     42  POP BC
01df  f1              37     43  POP AF
01e0  c9              38     44  RET
01e1  1e 20           39     45 SPACE: LD E,' '
01e3  c3 d3 01        40     46  JP PUTC
01e6  1e 0d           41     47 CRLF: LD E,13
01e8  cd d3 01        42     48  CALL PUTC
01eb  1e 0a           43     49  LD E,10
01ed  c3 d3 01        44     50  JP PUTC
01f0  f5              45     51 HEXB: PUSH AF
01f1  0f              46     52  RRCA
01f2  0f              47     53  RRCA
01f3  0f              48     54  RRCA
01f4  0f              49     55  RRCA
01f5  cd f9 01        50     56  CALL NIB
01f8  f1              51     57  POP AF
01f9  e6 0f           52     58 NIB: AND 0FH
01fb  c6 30           53     59  ADD A,'0'
01fd  fe 3a           54     60  CP '9'+1
Z80/8080-Macro-Assembler  Release 2.1	Sun Aug 16 19:01:49 2026	Page 2
Source file: CHECK28.build.asm


LOC   OBJECT CODE   LINE   STMT SOURCE CODE
01ff  38 02           55     61  JR C,NOUT
0201  c6 07           56     62  ADD A,7
0203  5f              57     63 NOUT: LD E,A
0204  c3 d3 01        58     64  JP PUTC
0207  7c              59     65 HEXW: LD A,H
0208  cd f0 01        60     66  CALL HEXB
020b  7d              61     67  LD A,L
020c  c3 f0 01        62     68  JP HEXB
020f  0e 00           63     69 EXIT: LD C,0
0211  c3 05 00        64     70  JP 5
                      65     71
0214                  66     72  END
