Z80/8080-Macro-Assembler  Release 2.1	Sun Aug 16 19:01:49 2026	Page 1
Source file: ENTRY28.build.asm


LOC   OBJECT CODE   LINE   STMT SOURCE CODE
                       1      1  ORG 100H
0100  ed 73 f3 01      2      2  LD (ENTSP),SP
0104  2a 00 00         3      3  LD HL,(0000H)
0107  22 f5 01         4      4  LD (PZ0),HL
010a  3a 03 00         5      5  LD A,(0003H)
010d  32 f7 01         6      6  LD (PZ3),A
0110  3a 04 00         7      7  LD A,(0004H)
0113  32 f8 01         8      8  LD (PZ4),A
0116  2a 05 00         9      9  LD HL,(0005H)
0119  22 f9 01        10     10  LD (PZ5),HL
011c  21 5c 00        11     11  LD HL,005CH
011f  11 fe 01        12     12  LD DE,FCBS
0122  01 20 00        13     13  LD BC,32
0125  ed b0           14     14  LDIR
0127  3a 80 00        15     15  LD A,(0080H)
012a  32 fd 01        16     16  LD (TAILN),A
012d  21 81 00        17     17  LD HL,0081H
0130  11 1e 02        18     18  LD DE,TAIL
0133  01 10 00        19     19  LD BC,16
0136  ed b0           20     20  LDIR
0138  0e 0c           21     21  LD C,12
013a  cd 05 00        22     22  CALL 5
013d  22 fb 01        23     23  LD (VER),HL
0140  31 ae 02        24     24  LD SP,STACK
0143  21 b5 01        25     25  LD HL,MSG
0146  cd ae 02        26     26  CALL PUTS
0149  2a f3 01        27     27  LD HL,(ENTSP)
014c  cd ec 02        28     28  CALL HEXW
014f  cd c6 02        29     29  CALL SPACE
0152  2a f5 01        30     30  LD HL,(PZ0)
0155  cd ec 02        31     31  CALL HEXW
0158  cd c6 02        32     32  CALL SPACE
015b  3a f7 01        33     33  LD A,(PZ3)
015e  cd d5 02        34     34  CALL HEXB
0161  cd c6 02        35     35  CALL SPACE
0164  3a f8 01        36     36  LD A,(PZ4)
0167  cd d5 02        37     37  CALL HEXB
016a  cd c6 02        38     38  CALL SPACE
016d  2a f9 01        39     39  LD HL,(PZ5)
0170  cd ec 02        40     40  CALL HEXW
0173  cd c6 02        41     41  CALL SPACE
0176  2a fb 01        42     42  LD HL,(VER)
0179  cd ec 02        43     43  CALL HEXW
017c  cd cb 02        44     44  CALL CRLF
017f  21 d8 01        45     45  LD HL,FMSG
0182  cd ae 02        46     46  CALL PUTS
0185  21 fe 01        47     47  LD HL,FCBS
0188  06 20           48     48  LD B,32
018a  7e              49     49 FLOOP: LD A,(HL)
018b  23              50     50  INC HL
018c  cd d5 02        51     51  CALL HEXB
018f  10 f9           52     52  DJNZ FLOOP
0191  cd cb 02        53     53  CALL CRLF
0194  21 df 01        54     54  LD HL,TMSG
0197  cd ae 02        55     55  CALL PUTS
019a  3a fd 01        56     56  LD A,(TAILN)
019d  cd d5 02        57     57  CALL HEXB
01a0  21 1e 02        58     58  LD HL,TAIL
01a3  06 10           59     59  LD B,16
01a5  cd c6 02        60     60 TLOOP: CALL SPACE
Z80/8080-Macro-Assembler  Release 2.1	Sun Aug 16 19:01:49 2026	Page 2
Source file: ENTRY28.build.asm


LOC   OBJECT CODE   LINE   STMT SOURCE CODE
01a8  7e              61     61  LD A,(HL)
01a9  23              62     62  INC HL
01aa  cd d5 02        63     63  CALL HEXB
01ad  10 f6           64     64  DJNZ TLOOP
01af  cd cb 02        65     65  CALL CRLF
01b2  c3 f4 02        66     66  JP EXIT
01b5  45 4e 54 52     67     67 MSG: DB 'ENTRY28 SP PZ0 IOBYTE PZ4 PZ5 VER ',0
01b9  59 32 38 20     67     68
01bd  53 50 20 50     67     69
01c1  5a 30 20 49     67     70
01c5  4f 42 59 54     67     71
01c9  45 20 50 5a     67     72
01cd  34 20 50 5a     67     73
01d1  35 20 56 45     67     74
01d5  52 20 00        67     75
01d8  46 43 42 33     68     76 FMSG: DB 'FCB32 ',0
01dc  32 20 00        68     77
01df  54 41 49 4c     69     78 TMSG: DB 'TAIL count/first16 ',0
01e3  20 63 6f 75     69     79
01e7  6e 74 2f 66     69     80
01eb  69 72 73 74     69     81
01ef  31 36 20 00     69     82
01f3  00 00           70     83 ENTSP: DW 0
01f5  00 00           71     84 PZ0: DW 0
01f7  00              72     85 PZ3: DB 0
01f8  00              73     86 PZ4: DB 0
01f9  00 00           74     87 PZ5: DW 0
01fb  00 00           75     88 VER: DW 0
01fd  00              76     89 TAILN: DB 0
01fe                  77     90 FCBS: DS 32
021e                  78     91 TAIL: DS 16
022e                  79     92  DS 128
02ae                  80     93 STACK:
02ae  7e              81     94 PUTS: LD A,(HL)
02af  23              82     95  INC HL
02b0  b7              83     96  OR A
02b1  c8              84     97  RET Z
02b2  5f              85     98  LD E,A
02b3  cd b8 02        86     99  CALL PUTC
02b6  18 f6           87    100  JR PUTS
02b8  f5              88    101 PUTC: PUSH AF
02b9  c5              89    102  PUSH BC
02ba  d5              90    103  PUSH DE
02bb  e5              91    104  PUSH HL
02bc  0e 02           92    105  LD C,2
02be  cd 05 00        93    106  CALL 5
02c1  e1              94    107  POP HL
02c2  d1              95    108  POP DE
02c3  c1              96    109  POP BC
02c4  f1              97    110  POP AF
02c5  c9              98    111  RET
02c6  1e 20           99    112 SPACE: LD E,' '
02c8  c3 b8 02       100    113  JP PUTC
02cb  1e 0d          101    114 CRLF: LD E,13
02cd  cd b8 02       102    115  CALL PUTC
02d0  1e 0a          103    116  LD E,10
02d2  c3 b8 02       104    117  JP PUTC
02d5  f5             105    118 HEXB: PUSH AF
02d6  0f             106    119  RRCA
02d7  0f             107    120  RRCA
Z80/8080-Macro-Assembler  Release 2.1	Sun Aug 16 19:01:49 2026	Page 3
Source file: ENTRY28.build.asm


LOC   OBJECT CODE   LINE   STMT SOURCE CODE
02d8  0f             108    121  RRCA
02d9  0f             109    122  RRCA
02da  cd de 02       110    123  CALL NIB
02dd  f1             111    124  POP AF
02de  e6 0f          112    125 NIB: AND 0FH
02e0  c6 30          113    126  ADD A,'0'
02e2  fe 3a          114    127  CP '9'+1
02e4  38 02          115    128  JR C,NOUT
02e6  c6 07          116    129  ADD A,7
02e8  5f             117    130 NOUT: LD E,A
02e9  c3 b8 02       118    131  JP PUTC
02ec  7c             119    132 HEXW: LD A,H
02ed  cd d5 02       120    133  CALL HEXB
02f0  7d             121    134  LD A,L
02f1  c3 d5 02       122    135  JP HEXB
02f4  0e 00          123    136 EXIT: LD C,0
02f6  c3 05 00       124    137  JP 5
                     125    138
02f9                 126    139  END
