Z80/8080-Macro-Assembler  Release 2.1	Sat Aug 15 20:27:34 2026	Page 1
Source file: stage021/probes/MARK21.ASM


LOC   OBJECT CODE   LINE   STMT SOURCE CODE
                       1      1 ; Harmless resident-precedence marker, installed under resident basenames.
                       2      2         ORG 0100H
0100  11 09 01         3      3         LD DE,MSG
0103  0e 09            4      4         LD C,9
0105  cd 05 00         5      5         CALL 5
0108  c9               6      6         RET
0109  0d 0a 2a 2a      7      7 MSG:   DB 13,10,'*** TRANSIENT MARK21 EXECUTED ***',13,10,'$'
010d  2a 20 54 52      7      8
0111  41 4e 53 49      7      9
0115  45 4e 54 20      7     10
0119  4d 41 52 4b      7     11
011d  32 31 20 45      7     12
0121  58 45 43 55      7     13
0125  54 45 44 20      7     14
0129  2a 2a 2a 0d      7     15
012d  0a 24            7     16
012f                   8     17         END
