Z80/8080-Macro-Assembler  Release 2.1	Tue Aug 18 06:51:15 2026	Page 1
Source file: MEM34.build.asm


LOC   OBJECT CODE   LINE   STMT SOURCE CODE
                       1      1  ORG 0100H
0100  ed 73 d3 01      2      2  LD (ENTSP),SP
0104  2a 06 00         3      3  LD HL,(0006H)
0107  22 d5 01         4      4  LD (BDOSENT),HL
010a  2b               5      5  DEC HL
010b  22 d9 01         6      6  LD (TPAEND),HL
010e  23               7      7  INC HL
010f  11 06 00         8      8  LD DE,6
0112  b7               9      9  OR A
0113  ed 52           10     10  SBC HL,DE
0115  22 d7 01        11     11  LD (DRIBASE),HL
0118  2a d9 01        12     12  LD HL,(TPAEND)
011b  7e              13     13  LD A,(HL)
011c  32 dd 01        14     14  LD (OLDTOP),A
011f  36 a5           15     15  LD (HL),0A5H
0121  7e              16     16  LD A,(HL)
0122  32 de 01        17     17  LD (TESTTOP),A
0125  3a dd 01        18     18  LD A,(OLDTOP)
0128  77              19     19  LD (HL),A
0129  3a 00 e4        20     20  LD A,(0E400H)
012c  32 df 01        21     21  LD (CCPBYTE),A
012f  0e 0c           22     22  LD C,12
0131  cd 05 00        23     23  CALL 0005H
0134  22 db 01        24     24  LD (VERSION),HL
0137  31 60 02        25     25  LD SP,STACK
013a  21 8b 01        26     26  LD HL,MSG
013d  cd 60 02        27     27  CALL PUTS
0140  2a d3 01        28     28  LD HL,(ENTSP)
0143  cd 9e 02        29     29  CALL HEXW
0146  cd 78 02        30     30  CALL SPACE
0149  2a d5 01        31     31  LD HL,(BDOSENT)
014c  cd 9e 02        32     32  CALL HEXW
014f  cd 78 02        33     33  CALL SPACE
0152  2a d7 01        34     34  LD HL,(DRIBASE)
0155  cd 9e 02        35     35  CALL HEXW
0158  cd 78 02        36     36  CALL SPACE
015b  2a d9 01        37     37  LD HL,(TPAEND)
015e  cd 9e 02        38     38  CALL HEXW
0161  cd 78 02        39     39  CALL SPACE
0164  3a dd 01        40     40  LD A,(OLDTOP)
0167  cd 87 02        41     41  CALL HEXB
016a  cd 78 02        42     42  CALL SPACE
016d  3a de 01        43     43  LD A,(TESTTOP)
0170  cd 87 02        44     44  CALL HEXB
0173  cd 78 02        45     45  CALL SPACE
0176  3a df 01        46     46  LD A,(CCPBYTE)
0179  cd 87 02        47     47  CALL HEXB
017c  cd 78 02        48     48  CALL SPACE
017f  2a db 01        49     49  LD HL,(VERSION)
0182  cd 9e 02        50     50  CALL HEXW
0185  cd 7d 02        51     51  CALL CRLF
0188  c3 ac 02        52     52  JP EXIT0
018b  4d 45 4d 33     53     53 MSG: DB 'MEM34 SP BDOS_ENTRY DRI_SERIAL_BASE TPA_LAST OLD/TEST CCP_E400 VERSION ',0
018f  34 20 53 50     53     54
0193  20 42 44 4f     53     55
0197  53 5f 45 4e     53     56
019b  54 52 59 20     53     57
019f  44 52 49 5f     53     58
01a3  53 45 52 49     53     59
01a7  41 4c 5f 42     53     60
Z80/8080-Macro-Assembler  Release 2.1	Tue Aug 18 06:51:15 2026	Page 2
Source file: MEM34.build.asm


LOC   OBJECT CODE   LINE   STMT SOURCE CODE
01ab  41 53 45 20     53     61
01af  54 50 41 5f     53     62
01b3  4c 41 53 54     53     63
01b7  20 4f 4c 44     53     64
01bb  2f 54 45 53     53     65
01bf  54 20 43 43     53     66
01c3  50 5f 45 34     53     67
01c7  30 30 20 56     53     68
01cb  45 52 53 49     53     69
01cf  4f 4e 20 00     53     70
01d3  00 00           54     71 ENTSP: DW 0
01d5  00 00           55     72 BDOSENT: DW 0
01d7  00 00           56     73 DRIBASE: DW 0
01d9  00 00           57     74 TPAEND: DW 0
01db  00 00           58     75 VERSION: DW 0
01dd  00              59     76 OLDTOP: DB 0
01de  00              60     77 TESTTOP: DB 0
01df  00              61     78 CCPBYTE: DB 0
01e0                  62     79  DS 128
0260                  63     80 STACK:
0260  7e              64     81 PUTS: LD A,(HL)
0261  23              65     82  INC HL
0262  b7              66     83  OR A
0263  c8              67     84  RET Z
0264  5f              68     85  LD E,A
0265  cd 6a 02        69     86  CALL PUTC
0268  18 f6           70     87  JR PUTS
026a  f5              71     88 PUTC: PUSH AF
026b  c5              72     89  PUSH BC
026c  d5              73     90  PUSH DE
026d  e5              74     91  PUSH HL
026e  0e 02           75     92  LD C,2
0270  cd 05 00        76     93  CALL 0005H
0273  e1              77     94  POP HL
0274  d1              78     95  POP DE
0275  c1              79     96  POP BC
0276  f1              80     97  POP AF
0277  c9              81     98  RET
0278  1e 20           82     99 SPACE: LD E,' '
027a  c3 6a 02        83    100  JP PUTC
027d  1e 0d           84    101 CRLF: LD E,13
027f  cd 6a 02        85    102  CALL PUTC
0282  1e 0a           86    103  LD E,10
0284  c3 6a 02        87    104  JP PUTC
0287  f5              88    105 HEXB: PUSH AF
0288  0f              89    106  RRCA
0289  0f              90    107  RRCA
028a  0f              91    108  RRCA
028b  0f              92    109  RRCA
028c  cd 90 02        93    110  CALL NIB
028f  f1              94    111  POP AF
0290  e6 0f           95    112 NIB: AND 0FH
0292  c6 30           96    113  ADD A,'0'
0294  fe 3a           97    114  CP '9'+1
0296  38 02           98    115  JR C,NOUT
0298  c6 07           99    116  ADD A,7
029a  5f             100    117 NOUT: LD E,A
029b  c3 6a 02       101    118  JP PUTC
029e  7c             102    119 HEXW: LD A,H
029f  cd 87 02       103    120  CALL HEXB
Z80/8080-Macro-Assembler  Release 2.1	Tue Aug 18 06:51:15 2026	Page 3
Source file: MEM34.build.asm


LOC   OBJECT CODE   LINE   STMT SOURCE CODE
02a2  7d             104    121  LD A,L
02a3  c3 87 02       105    122  JP HEXB
02a6  11 ab 02       106    123 CALLHL: LD DE,CALLBACK
02a9  d5             107    124  PUSH DE
02aa  e9             108    125  JP (HL)
02ab  c9             109    126 CALLBACK: RET
02ac  0e 00          110    127 EXIT0: LD C,0
02ae  c3 05 00       111    128  JP 0005H
                     112    129
02b1                 113    130  END
