Z80/8080-Macro-Assembler  Release 2.1	Tue Aug 18 06:44:00 2026	Page 1
Source file: OVERLAY34.build.asm


LOC   OBJECT CODE   LINE   STMT SOURCE CODE
                       1      1  ORG 0100H
0100  2a 06 00         2      2  LD HL,(0006H)
0103  11 06 00         3      3  LD DE,6
0106  b7               4      4  OR A
0107  ed 52            5      5  SBC HL,DE
0109  2b               6      6  DEC HL
010a  22 8e 01         7      7  LD (LASTTPA),HL
010d  3a 00 e4         8      8  LD A,(0E400H)
0110  32 90 01         9      9  LD (OLDE400),A
0113  7e              10     10  LD A,(HL)
0114  32 92 01        11     11  LD (OLDLAST),A
0117  3e a5           12     12  LD A,0A5H
0119  32 00 e4        13     13  LD (0E400H),A
011c  36 5a           14     14  LD (HL),05AH
011e  3a 00 e4        15     15  LD A,(0E400H)
0121  32 91 01        16     16  LD (NEWE400),A
0124  7e              17     17  LD A,(HL)
0125  32 93 01        18     18  LD (NEWLAST),A
0128  31 14 02        19     19  LD SP,STACK
012b  21 61 01        20     20  LD HL,MSG
012e  cd 14 02        21     21  CALL PUTS
0131  3a 90 01        22     22  LD A,(OLDE400)
0134  cd 3b 02        23     23  CALL HEXB
0137  cd 2c 02        24     24  CALL SPACE
013a  3a 91 01        25     25  LD A,(NEWE400)
013d  cd 3b 02        26     26  CALL HEXB
0140  cd 2c 02        27     27  CALL SPACE
0143  2a 8e 01        28     28  LD HL,(LASTTPA)
0146  cd 52 02        29     29  CALL HEXW
0149  cd 2c 02        30     30  CALL SPACE
014c  3a 92 01        31     31  LD A,(OLDLAST)
014f  cd 3b 02        32     32  CALL HEXB
0152  cd 2c 02        33     33  CALL SPACE
0155  3a 93 01        34     34  LD A,(NEWLAST)
0158  cd 3b 02        35     35  CALL HEXB
015b  cd 31 02        36     36  CALL CRLF
015e  c3 00 00        37     37  JP 0000H
0161  4f 56 45 52     38     38 MSG: DB 'OVERLAY34 CCP_E400 OLD/NEW TPA_LAST OLD/NEW ',0
0165  4c 41 59 33     38     39
0169  34 20 43 43     38     40
016d  50 5f 45 34     38     41
0171  30 30 20 4f     38     42
0175  4c 44 2f 4e     38     43
0179  45 57 20 54     38     44
017d  50 41 5f 4c     38     45
0181  41 53 54 20     38     46
0185  4f 4c 44 2f     38     47
0189  4e 45 57 20     38     48
018d  00              38     49
018e  00 00           39     50 LASTTPA: DW 0
0190  00              40     51 OLDE400: DB 0
0191  00              41     52 NEWE400: DB 0
0192  00              42     53 OLDLAST: DB 0
0193  00              43     54 NEWLAST: DB 0
0194                  44     55  DS 128
0214                  45     56 STACK:
0214  7e              46     57 PUTS: LD A,(HL)
0215  23              47     58  INC HL
0216  b7              48     59  OR A
0217  c8              49     60  RET Z
Z80/8080-Macro-Assembler  Release 2.1	Tue Aug 18 06:44:00 2026	Page 2
Source file: OVERLAY34.build.asm


LOC   OBJECT CODE   LINE   STMT SOURCE CODE
0218  5f              50     61  LD E,A
0219  cd 1e 02        51     62  CALL PUTC
021c  18 f6           52     63  JR PUTS
021e  f5              53     64 PUTC: PUSH AF
021f  c5              54     65  PUSH BC
0220  d5              55     66  PUSH DE
0221  e5              56     67  PUSH HL
0222  0e 02           57     68  LD C,2
0224  cd 05 00        58     69  CALL 0005H
0227  e1              59     70  POP HL
0228  d1              60     71  POP DE
0229  c1              61     72  POP BC
022a  f1              62     73  POP AF
022b  c9              63     74  RET
022c  1e 20           64     75 SPACE: LD E,' '
022e  c3 1e 02        65     76  JP PUTC
0231  1e 0d           66     77 CRLF: LD E,13
0233  cd 1e 02        67     78  CALL PUTC
0236  1e 0a           68     79  LD E,10
0238  c3 1e 02        69     80  JP PUTC
023b  f5              70     81 HEXB: PUSH AF
023c  0f              71     82  RRCA
023d  0f              72     83  RRCA
023e  0f              73     84  RRCA
023f  0f              74     85  RRCA
0240  cd 44 02        75     86  CALL NIB
0243  f1              76     87  POP AF
0244  e6 0f           77     88 NIB: AND 0FH
0246  c6 30           78     89  ADD A,'0'
0248  fe 3a           79     90  CP '9'+1
024a  38 02           80     91  JR C,NOUT
024c  c6 07           81     92  ADD A,7
024e  5f              82     93 NOUT: LD E,A
024f  c3 1e 02        83     94  JP PUTC
0252  7c              84     95 HEXW: LD A,H
0253  cd 3b 02        85     96  CALL HEXB
0256  7d              86     97  LD A,L
0257  c3 3b 02        87     98  JP HEXB
025a  11 5f 02        88     99 CALLHL: LD DE,CALLBACK
025d  d5              89    100  PUSH DE
025e  e9              90    101  JP (HL)
025f  c9              91    102 CALLBACK: RET
0260  0e 00           92    103 EXIT0: LD C,0
0262  c3 05 00        93    104  JP 0005H
                      94    105
0265                  95    106  END
