Z80/8080-Macro-Assembler  Release 2.1	Tue Aug 18 06:51:15 2026	Page 1
Source file: OVR34.build.asm


LOC   OBJECT CODE   LINE   STMT SOURCE CODE
                       1      1  ORG 0100H
0100  2a 06 00         2      2  LD HL,(0006H)
0103  2b               3      3  DEC HL
0104  22 88 01         4      4  LD (LASTTPA),HL
0107  3a 00 e4         5      5  LD A,(0E400H)
010a  32 8a 01         6      6  LD (OLDE400),A
010d  7e               7      7  LD A,(HL)
010e  32 8c 01         8      8  LD (OLDLAST),A
0111  3e a5            9      9  LD A,0A5H
0113  32 00 e4        10     10  LD (0E400H),A
0116  36 5a           11     11  LD (HL),05AH
0118  3a 00 e4        12     12  LD A,(0E400H)
011b  32 8b 01        13     13  LD (NEWE400),A
011e  7e              14     14  LD A,(HL)
011f  32 8d 01        15     15  LD (NEWLAST),A
0122  31 0e 02        16     16  LD SP,STACK
0125  21 5b 01        17     17  LD HL,MSG
0128  cd 0e 02        18     18  CALL PUTS
012b  3a 8a 01        19     19  LD A,(OLDE400)
012e  cd 35 02        20     20  CALL HEXB
0131  cd 26 02        21     21  CALL SPACE
0134  3a 8b 01        22     22  LD A,(NEWE400)
0137  cd 35 02        23     23  CALL HEXB
013a  cd 26 02        24     24  CALL SPACE
013d  2a 88 01        25     25  LD HL,(LASTTPA)
0140  cd 4c 02        26     26  CALL HEXW
0143  cd 26 02        27     27  CALL SPACE
0146  3a 8c 01        28     28  LD A,(OLDLAST)
0149  cd 35 02        29     29  CALL HEXB
014c  cd 26 02        30     30  CALL SPACE
014f  3a 8d 01        31     31  LD A,(NEWLAST)
0152  cd 35 02        32     32  CALL HEXB
0155  cd 2b 02        33     33  CALL CRLF
0158  c3 00 00        34     34  JP 0000H
015b  4f 56 45 52     35     35 MSG: DB 'OVERLAY34 CCP_E400 OLD/NEW TPA_LAST OLD/NEW ',0
015f  4c 41 59 33     35     36
0163  34 20 43 43     35     37
0167  50 5f 45 34     35     38
016b  30 30 20 4f     35     39
016f  4c 44 2f 4e     35     40
0173  45 57 20 54     35     41
0177  50 41 5f 4c     35     42
017b  41 53 54 20     35     43
017f  4f 4c 44 2f     35     44
0183  4e 45 57 20     35     45
0187  00              35     46
0188  00 00           36     47 LASTTPA: DW 0
018a  00              37     48 OLDE400: DB 0
018b  00              38     49 NEWE400: DB 0
018c  00              39     50 OLDLAST: DB 0
018d  00              40     51 NEWLAST: DB 0
018e                  41     52  DS 128
020e                  42     53 STACK:
020e  7e              43     54 PUTS: LD A,(HL)
020f  23              44     55  INC HL
0210  b7              45     56  OR A
0211  c8              46     57  RET Z
0212  5f              47     58  LD E,A
0213  cd 18 02        48     59  CALL PUTC
0216  18 f6           49     60  JR PUTS
Z80/8080-Macro-Assembler  Release 2.1	Tue Aug 18 06:51:15 2026	Page 2
Source file: OVR34.build.asm


LOC   OBJECT CODE   LINE   STMT SOURCE CODE
0218  f5              50     61 PUTC: PUSH AF
0219  c5              51     62  PUSH BC
021a  d5              52     63  PUSH DE
021b  e5              53     64  PUSH HL
021c  0e 02           54     65  LD C,2
021e  cd 05 00        55     66  CALL 0005H
0221  e1              56     67  POP HL
0222  d1              57     68  POP DE
0223  c1              58     69  POP BC
0224  f1              59     70  POP AF
0225  c9              60     71  RET
0226  1e 20           61     72 SPACE: LD E,' '
0228  c3 18 02        62     73  JP PUTC
022b  1e 0d           63     74 CRLF: LD E,13
022d  cd 18 02        64     75  CALL PUTC
0230  1e 0a           65     76  LD E,10
0232  c3 18 02        66     77  JP PUTC
0235  f5              67     78 HEXB: PUSH AF
0236  0f              68     79  RRCA
0237  0f              69     80  RRCA
0238  0f              70     81  RRCA
0239  0f              71     82  RRCA
023a  cd 3e 02        72     83  CALL NIB
023d  f1              73     84  POP AF
023e  e6 0f           74     85 NIB: AND 0FH
0240  c6 30           75     86  ADD A,'0'
0242  fe 3a           76     87  CP '9'+1
0244  38 02           77     88  JR C,NOUT
0246  c6 07           78     89  ADD A,7
0248  5f              79     90 NOUT: LD E,A
0249  c3 18 02        80     91  JP PUTC
024c  7c              81     92 HEXW: LD A,H
024d  cd 35 02        82     93  CALL HEXB
0250  7d              83     94  LD A,L
0251  c3 35 02        84     95  JP HEXB
0254  11 59 02        85     96 CALLHL: LD DE,CALLBACK
0257  d5              86     97  PUSH DE
0258  e9              87     98  JP (HL)
0259  c9              88     99 CALLBACK: RET
025a  0e 00           89    100 EXIT0: LD C,0
025c  c3 05 00        90    101  JP 0005H
                      91    102
025f                  92    103  END
