Z80/8080-Macro-Assembler  Release 2.1	Sat Aug 15 19:14:19 2026	Page 1
Source file: staging-investigation-019/probes/BIOS019.ASM


LOC   OBJECT CODE   LINE   STMT SOURCE CODE
                       1      1 ; Investigation 019 BIOS disk-boundary trace fixture.
                       2      2 ; Patches BIOS jump operands only, delegates every call to original routines.
                       3      3 ; Build: z80asm -fb -oBIOS019.COM BIOS019.ASM
                       4      4         ORG 0100H
0100  31 e8 0b         5      5 START:  LD SP,STACKTOP
0103  cd 16 03         6      6         CALL PATCH
0106  0e 0d            7      7         LD C,13
0108  cd 05 00         8      8         CALL 5
                       9      9
010b  21 4e 04        10     10         LD HL,L_SEARCH
010e  cd dd 01        11     11         CALL NEWCASE
0111  11 9b 04        12     12         LD DE,FCBWILD
0114  0e 11           13     13         LD C,17
0116  cd 05 00        14     14         CALL 5
0119  cd e5 01        15     15         CALL SHOWCASE
                      16     16
011c  11 bf 04        17     17         LD DE,FCBREAD
011f  0e 0f           18     18         LD C,15
0121  cd 05 00        19     19         CALL 5
0124  21 55 04        20     20         LD HL,L_SEQREAD
0127  cd dd 01        21     21         CALL NEWCASE
012a  11 bf 04        22     22         LD DE,FCBREAD
012d  0e 14           23     23         LD C,20
012f  cd 05 00        24     24         CALL 5
0132  cd e5 01        25     25         CALL SHOWCASE
                      26     26
0135  11 07 05        27     27         LD DE,FCBDEL
0138  0e 13           28     28         LD C,19
013a  cd 05 00        29     29         CALL 5
013d  21 5d 04        30     30         LD HL,L_MAKE
0140  cd dd 01        31     31         CALL NEWCASE
0143  11 e3 04        32     32         LD DE,FCBNEW
0146  0e 16           33     33         LD C,22
0148  cd 05 00        34     34         CALL 5
014b  cd e5 01        35     35         CALL SHOWCASE
                      36     36
014e  11 68 09        37     37         LD DE,DMA1
0151  0e 1a           38     38         LD C,26
0153  cd 05 00        39     39         CALL 5
0156  21 62 04        40     40         LD HL,L_WRITE1
0159  cd dd 01        41     41         CALL NEWCASE
015c  11 e3 04        42     42         LD DE,FCBNEW
015f  0e 15           43     43         LD C,21
0161  cd 05 00        44     44         CALL 5
0164  cd e5 01        45     45         CALL SHOWCASE
                      46     46
0167  21 69 04        47     47         LD HL,L_WRITE2
016a  cd dd 01        48     48         CALL NEWCASE
016d  11 e3 04        49     49         LD DE,FCBNEW
0170  0e 15           50     50         LD C,21
0172  cd 05 00        51     51         CALL 5
0175  cd e5 01        52     52         CALL SHOWCASE
                      53     53
0178  21 70 04        54     54         LD HL,L_CLOSE
017b  cd dd 01        55     55         CALL NEWCASE
017e  11 e3 04        56     56         LD DE,FCBNEW
0181  0e 10           57     57         LD C,16
0183  cd 05 00        58     58         CALL 5
0186  cd e5 01        59     59         CALL SHOWCASE
                      60     60
Z80/8080-Macro-Assembler  Release 2.1	Sat Aug 15 19:14:19 2026	Page 2
Source file: staging-investigation-019/probes/BIOS019.ASM


LOC   OBJECT CODE   LINE   STMT SOURCE CODE
                      61     61         ; Reopen and random update record zero: allocated-data write type.
0189  11 e3 04        62     62         LD DE,FCBNEW
018c  0e 0f           63     63         LD C,15
018e  cd 05 00        64     64         CALL 5
0191  af              65     65         XOR A
0192  32 04 05        66     66         LD (FCBNEW+33),A
0195  32 05 05        67     67         LD (FCBNEW+34),A
0198  32 06 05        68     68         LD (FCBNEW+35),A
019b  21 76 04        69     69         LD HL,L_RANDR
019e  cd dd 01        70     70         CALL NEWCASE
01a1  11 e3 04        71     71         LD DE,FCBNEW
01a4  0e 21           72     72         LD C,33
01a6  cd 05 00        73     73         CALL 5
01a9  cd e5 01        74     74         CALL SHOWCASE
01ac  21 7f 04        75     75         LD HL,L_RANDW
01af  cd dd 01        76     76         CALL NEWCASE
01b2  11 e3 04        77     77         LD DE,FCBNEW
01b5  0e 22           78     78         LD C,34
01b7  cd 05 00        79     79         CALL 5
01ba  cd e5 01        80     80         CALL SHOWCASE
                      81     81
01bd  11 e3 04        82     82         LD DE,FCBNEW
01c0  0e 10           83     83         LD C,16
01c2  cd 05 00        84     84         CALL 5
01c5  21 89 04        85     85         LD HL,L_DELETE
01c8  cd dd 01        86     86         CALL NEWCASE
01cb  11 07 05        87     87         LD DE,FCBDEL
01ce  0e 13           88     88         LD C,19
01d0  cd 05 00        89     89         CALL 5
01d3  cd e5 01        90     90         CALL SHOWCASE
                      91     91
01d6  cd 83 03        92     92         CALL XLTEST
01d9  cd 76 03        93     93         CALL RESTORE
01dc  c9              94     94         RET
                      95     95
01dd                  96     96 NEWCASE:
01dd  22 46 05        97     97         LD (CASELABEL),HL
01e0  af              98     98         XOR A
01e1  32 45 05        99     99         LD (NREC),A
01e4  c9             100    100         RET
01e5                 101    101 SHOWCASE:
01e5  11 2a 04       102    102         LD DE,CASEHDR
01e8  0e 09          103    103         LD C,9
01ea  cd 05 00       104    104         CALL 5
01ed  2a 46 05       105    105         LD HL,(CASELABEL)
01f0  cd f3 03       106    106         CALL PUTS
01f3  cd 09 04       107    107         CALL CRLF
01f6  21 80 05       108    108         LD HL,TRACE
01f9  3a 45 05       109    109         LD A,(NREC)
01fc  47             110    110         LD B,A
01fd                 111    111 SHLOOP:
01fd  78             112    112         LD A,B
01fe  b7             113    113         OR A
01ff  c8             114    114         RET Z
0200  c5             115    115         PUSH BC
0201  06 0a          116    116         LD B,10
0203  7e             117    117 SHBYTE: LD A,(HL)
0204  23             118    118         INC HL
0205  e5             119    119         PUSH HL
0206  c5             120    120         PUSH BC
Z80/8080-Macro-Assembler  Release 2.1	Sat Aug 15 19:14:19 2026	Page 3
Source file: staging-investigation-019/probes/BIOS019.ASM


LOC   OBJECT CODE   LINE   STMT SOURCE CODE
0207  cd 13 04       121    121         CALL HEXBYTE
020a  1e 20          122    122         LD E,' '
020c  cd fd 03       123    123         CALL PUTC
020f  c1             124    124         POP BC
0210  e1             125    125         POP HL
0211  10 f0          126    126         DJNZ SHBYTE
0213  cd 09 04       127    127         CALL CRLF
0216  c1             128    128         POP BC
0217  10 e4          129    129         DJNZ SHLOOP
0219  c9             130    130         RET
                     131    131
                     132    132 ; record = event, drive, track lo/hi, sec lo/hi, dma lo/hi, aux, result
021a                 133    133 LOG:
021a  f5             134    134         PUSH AF
021b  c5             135    135         PUSH BC
021c  d5             136    136         PUSH DE
021d  e5             137    137         PUSH HL
021e  3a 45 05       138    138         LD A,(NREC)
0221  fe 64          139    139         CP 100
0223  30 3c          140    140         JR NC,LOGDONE
0225  6f             141    141         LD L,A
0226  26 00          142    142         LD H,0
0228  29             143    143         ADD HL,HL
0229  54             144    144         LD D,H
022a  5d             145    145         LD E,L
022b  29             146    146         ADD HL,HL
022c  29             147    147         ADD HL,HL
022d  19             148    148         ADD HL,DE
022e  11 80 05       149    149         LD DE,TRACE
0231  19             150    150         ADD HL,DE
0232  3a 48 05       151    151         LD A,(EVENT)
0235  77             152    152         LD (HL),A
0236  23             153    153         INC HL
0237  3a 49 05       154    154         LD A,(CURDRV)
023a  77             155    155         LD (HL),A
023b  23             156    156         INC HL
023c  ed 5b 4a 05    157    157         LD DE,(CURTRK)
0240  73             158    158         LD (HL),E
0241  23             159    159         INC HL
0242  72             160    160         LD (HL),D
0243  23             161    161         INC HL
0244  ed 5b 4c 05    162    162         LD DE,(CURSEC)
0248  73             163    163         LD (HL),E
0249  23             164    164         INC HL
024a  72             165    165         LD (HL),D
024b  23             166    166         INC HL
024c  ed 5b 4e 05    167    167         LD DE,(CURDMA)
0250  73             168    168         LD (HL),E
0251  23             169    169         INC HL
0252  72             170    170         LD (HL),D
0253  23             171    171         INC HL
0254  3a 50 05       172    172         LD A,(AUX)
0257  77             173    173         LD (HL),A
0258  23             174    174         INC HL
0259  3a 51 05       175    175         LD A,(RES)
025c  77             176    176         LD (HL),A
025d  21 45 05       177    177         LD HL,NREC
0260  34             178    178         INC (HL)
0261                 179    179 LOGDONE:
0261  e1             180    180         POP HL
Z80/8080-Macro-Assembler  Release 2.1	Sat Aug 15 19:14:19 2026	Page 4
Source file: staging-investigation-019/probes/BIOS019.ASM


LOC   OBJECT CODE   LINE   STMT SOURCE CODE
0262  d1             181    181         POP DE
0263  c1             182    182         POP BC
0264  f1             183    183         POP AF
0265  c9             184    184         RET
                     185    185
                     186    186 ; BIOS wrappers. Setup calls log before delegating; I/O logs after result.
0266  79             187    187 WSEL:  LD A,C
0267  32 49 05       188    188         LD (CURDRV),A
026a  7b             189    189         LD A,E
026b  32 50 05       190    190         LD (AUX),A
026e  3e 53          191    191         LD A,'S'
0270  32 48 05       192    192         LD (EVENT),A
0273  af             193    193         XOR A
0274  32 51 05       194    194         LD (RES),A
0277  cd 1a 02       195    195         CALL LOG
027a  2a 58 05       196    196         LD HL,(OSEL)
027d  c3 10 03       197    197         JP CALLHL
0280  ed 43 4a 05    198    198 WTRK:  LD (CURTRK),BC
0284  3e 54          199    199         LD A,'T'
0286  18 0e          200    200         JR WSET
0288  ed 43 4c 05    201    201 WSEC:  LD (CURSEC),BC
028c  3e 43          202    202         LD A,'C'
028e  18 06          203    203         JR WSET
0290  ed 43 4e 05    204    204 WDMA:  LD (CURDMA),BC
0294  3e 4d          205    205         LD A,'M'
0296  32 48 05       206    206 WSET:  LD (EVENT),A
0299  af             207    207         XOR A
029a  32 50 05       208    208         LD (AUX),A
029d  32 51 05       209    209         LD (RES),A
02a0  cd 1a 02       210    210         CALL LOG
02a3  fe 54          211    211         CP 'T'
02a5  2a 5a 05       212    212         LD HL,(OTRK)
02a8  28 0d          213    213         JR Z,WCALL
02aa  3a 48 05       214    214         LD A,(EVENT)
02ad  fe 43          215    215         CP 'C'
02af  2a 5c 05       216    216         LD HL,(OSEC)
02b2  28 03          217    217         JR Z,WCALL
02b4  2a 5e 05       218    218         LD HL,(ODMA)
02b7  c3 10 03       219    219 WCALL: JP CALLHL
02ba  2a 60 05       220    220 WREAD: LD HL,(OREAD)
02bd  cd 10 03       221    221         CALL CALLHL
02c0  f5             222    222         PUSH AF
02c1  32 51 05       223    223         LD (RES),A
02c4  3e 52          224    224         LD A,'R'
02c6  32 48 05       225    225         LD (EVENT),A
02c9  af             226    226         XOR A
02ca  32 50 05       227    227         LD (AUX),A
02cd  cd 1a 02       228    228         CALL LOG
02d0  f1             229    229         POP AF
02d1  c9             230    230         RET
02d2                 231    231 WWRITE:
02d2  79             232    232         LD A,C
02d3  32 50 05       233    233         LD (AUX),A
02d6  2a 62 05       234    234         LD HL,(OWRITE)
02d9  cd 10 03       235    235         CALL CALLHL
02dc  f5             236    236         PUSH AF
02dd  32 51 05       237    237         LD (RES),A
02e0  3e 57          238    238         LD A,'W'
02e2  32 48 05       239    239         LD (EVENT),A
02e5  cd 1a 02       240    240         CALL LOG
Z80/8080-Macro-Assembler  Release 2.1	Sat Aug 15 19:14:19 2026	Page 5
Source file: staging-investigation-019/probes/BIOS019.ASM


LOC   OBJECT CODE   LINE   STMT SOURCE CODE
02e8  f1             241    241         POP AF
02e9  c9             242    242         RET
02ea  ed 43 4c 05    243    243 WXLT:  LD (CURSEC),BC
02ee  ed 53 52 05    244    244         LD (XLTPTR),DE
02f2  2a 66 05       245    245         LD HL,(OXLT)
02f5  cd 10 03       246    246         CALL CALLHL
02f8  f5             247    247         PUSH AF
02f9  e5             248    248         PUSH HL
02fa  22 54 05       249    249         LD (XLTOUT),HL
02fd  7d             250    250         LD A,L
02fe  32 50 05       251    251         LD (AUX),A
0301  7c             252    252         LD A,H
0302  32 51 05       253    253         LD (RES),A
0305  3e 58          254    254         LD A,'X'
0307  32 48 05       255    255         LD (EVENT),A
030a  cd 1a 02       256    256         CALL LOG
030d  e1             257    257         POP HL
030e  f1             258    258         POP AF
030f  c9             259    259         RET
0310                 260    260 CALLHL:
0310  11 15 03       261    261         LD DE,CHRET
0313  d5             262    262         PUSH DE
0314  e9             263    263         JP (HL)
0315  c9             264    264 CHRET:  RET
                     265    265
0316  2a 01 00       266    266 PATCH: LD HL,(0001H)
0319  2b             267    267         DEC HL
031a  2b             268    268         DEC HL
031b  2b             269    269         DEC HL
031c  11 1b 00       270    270         LD DE,27
031f  19             271    271         ADD HL,DE
0320  22 56 05       272    272         LD (VBASE),HL
                     273    273         ; Save 8 vectors (SELDSK through SECTRAN).
0323  11 68 05       274    274         LD DE,SAVED
0326  01 18 00       275    275         LD BC,24
0329  ed b0          276    276         LDIR
032b  2a 56 05       277    277         LD HL,(VBASE)
032e  11 58 05       278    278         LD DE,OSEL
0331  06 08          279    279         LD B,8
0333  23             280    280 GETOPS: INC HL
0334  7e             281    281         LD A,(HL)
0335  12             282    282         LD (DE),A
0336  23             283    283         INC HL
0337  13             284    284         INC DE
0338  7e             285    285         LD A,(HL)
0339  12             286    286         LD (DE),A
033a  23             287    287         INC HL
033b  13             288    288         INC DE
033c  10 f5          289    289         DJNZ GETOPS
033e  2a 56 05       290    290         LD HL,(VBASE)
0341  11 66 02       291    291         LD DE,WSEL
0344  cd 6e 03       292    292         CALL PUTJP
0347  11 80 02       293    293         LD DE,WTRK
034a  cd 6e 03       294    294         CALL PUTJP
034d  11 88 02       295    295         LD DE,WSEC
0350  cd 6e 03       296    296         CALL PUTJP
0353  11 90 02       297    297         LD DE,WDMA
0356  cd 6e 03       298    298         CALL PUTJP
0359  11 ba 02       299    299         LD DE,WREAD
035c  cd 6e 03       300    300         CALL PUTJP
Z80/8080-Macro-Assembler  Release 2.1	Sat Aug 15 19:14:19 2026	Page 6
Source file: staging-investigation-019/probes/BIOS019.ASM


LOC   OBJECT CODE   LINE   STMT SOURCE CODE
035f  11 d2 02       301    301         LD DE,WWRITE
0362  cd 6e 03       302    302         CALL PUTJP
                     303    303         ; Skip LISTST, patch SECTRAN.
0365  23             304    304         INC HL
0366  23             305    305         INC HL
0367  23             306    306         INC HL
0368  11 ea 02       307    307         LD DE,WXLT
036b  c3 6e 03       308    308         JP PUTJP
036e  36 c3          309    309 PUTJP: LD (HL),0C3H
0370  23             310    310         INC HL
0371  73             311    311         LD (HL),E
0372  23             312    312         INC HL
0373  72             313    313         LD (HL),D
0374  23             314    314         INC HL
0375  c9             315    315         RET
0376                 316    316 RESTORE:
0376  21 68 05       317    317         LD HL,SAVED
0379  ed 5b 56 05    318    318         LD DE,(VBASE)
037d  01 18 00       319    319         LD BC,24
0380  ed b0          320    320         LDIR
0382  c9             321    321         RET
                     322    322
                     323    323 ; Direct BIOS identity/nonidentity translation and reads at track 2.
0383                 324    324 XLTEST:
0383  af             325    325         XOR A
0384  32 45 05       326    326         LD (NREC),A
0387  0e 00          327    327         LD C,0
0389  1e 00          328    328         LD E,0
038b  cd 66 02       329    329         CALL WSEL
038e  01 02 00       330    330         LD BC,2
0391  cd 80 02       331    331         CALL WTRK
0394  01 02 00       332    332         LD BC,2
0397  11 00 00       333    333         LD DE,0
039a  cd ea 02       334    334         CALL WXLT
039d  44             335    335         LD B,H
039e  4d             336    336         LD C,L
039f  cd 88 02       337    337         CALL WSEC
03a2  01 e8 09       338    338         LD BC,IDBUF
03a5  cd 90 02       339    339         CALL WDMA
03a8  cd ba 02       340    340         CALL WREAD
03ab  01 02 00       341    341         LD BC,2
03ae  11 2b 05       342    342         LD DE,XTABLE
03b1  cd ea 02       343    343         CALL WXLT
03b4  44             344    344         LD B,H
03b5  4d             345    345         LD C,L
03b6  cd 88 02       346    346         CALL WSEC
03b9  01 68 0a       347    347         LD BC,XLBUF
03bc  cd 90 02       348    348         CALL WDMA
03bf  cd ba 02       349    349         CALL WREAD
03c2  21 90 04       350    350         LD HL,L_XLT
03c5  22 46 05       351    351         LD (CASELABEL),HL
03c8  cd e5 01       352    352         CALL SHOWCASE
03cb  11 32 04       353    353         LD DE,BUFLAB
03ce  0e 09          354    354         LD C,9
03d0  cd 05 00       355    355         CALL 5
03d3  21 e8 09       356    356         LD HL,IDBUF
03d6  06 10          357    357         LD B,16
03d8  cd e0 03       358    358         CALL PRINTN
03db  21 68 0a       359    359         LD HL,XLBUF
03de  06 10          360    360         LD B,16
Z80/8080-Macro-Assembler  Release 2.1	Sat Aug 15 19:14:19 2026	Page 7
Source file: staging-investigation-019/probes/BIOS019.ASM


LOC   OBJECT CODE   LINE   STMT SOURCE CODE
03e0  7e             361    361 PRINTN: LD A,(HL)
03e1  23             362    362         INC HL
03e2  e5             363    363         PUSH HL
03e3  c5             364    364         PUSH BC
03e4  cd 13 04       365    365         CALL HEXBYTE
03e7  1e 20          366    366         LD E,' '
03e9  cd fd 03       367    367         CALL PUTC
03ec  c1             368    368         POP BC
03ed  e1             369    369         POP HL
03ee  10 f0          370    370         DJNZ PRINTN
03f0  c3 09 04       371    371         JP CRLF
                     372    372
03f3  7e             373    373 PUTS:  LD A,(HL)
03f4  23             374    374         INC HL
03f5  b7             375    375         OR A
03f6  c8             376    376         RET Z
03f7  5f             377    377         LD E,A
03f8  cd fd 03       378    378         CALL PUTC
03fb  18 f6          379    379         JR PUTS
03fd  c5             380    380 PUTC:  PUSH BC
03fe  d5             381    381         PUSH DE
03ff  e5             382    382         PUSH HL
0400  0e 02          383    383         LD C,2
0402  cd 05 00       384    384         CALL 5
0405  e1             385    385         POP HL
0406  d1             386    386         POP DE
0407  c1             387    387         POP BC
0408  c9             388    388         RET
0409  1e 0d          389    389 CRLF:  LD E,13
040b  cd fd 03       390    390         CALL PUTC
040e  1e 0a          391    391         LD E,10
0410  c3 fd 03       392    392         JP PUTC
0413                 393    393 HEXBYTE:
0413  f5             394    394         PUSH AF
0414  0f             395    395         RRCA
0415  0f             396    396         RRCA
0416  0f             397    397         RRCA
0417  0f             398    398         RRCA
0418  cd 1c 04       399    399         CALL NIB
041b  f1             400    400         POP AF
041c  e6 0f          401    401 NIB:   AND 0FH
041e  c6 30          402    402         ADD A,'0'
0420  fe 3a          403    403         CP '9'+1
0422  38 02          404    404         JR C,NOUT
0424  c6 07          405    405         ADD A,7
0426  5f             406    406 NOUT:  LD E,A
0427  c3 fd 03       407    407         JP PUTC
                     408    408
042a  0d 0a 43 41    409    409 CASEHDR: DB 13,10,'CASE $'
042e  53 45 20 24    409    410
0432  49 44 45 4e    410    411 BUFLAB: DB 'IDENTITY[16] then XLT[16]',13,10,'$'
0436  54 49 54 59    410    412
043a  5b 31 36 5d    410    413
043e  20 74 68 65    410    414
0442  6e 20 58 4c    410    415
0446  54 5b 31 36    410    416
044a  5d 0d 0a 24    410    417
044e  53 45 41 52    411    418 L_SEARCH: DB 'SEARCH',0
0452  43 48 00       411    419
0455  53 45 51 52    412    420 L_SEQREAD: DB 'SEQREAD',0
Z80/8080-Macro-Assembler  Release 2.1	Sat Aug 15 19:14:19 2026	Page 8
Source file: staging-investigation-019/probes/BIOS019.ASM


LOC   OBJECT CODE   LINE   STMT SOURCE CODE
0459  45 41 44 00    412    421
045d  4d 41 4b 45    413    422 L_MAKE: DB 'MAKE',0
0461  00             413    423
0462  57 52 49 54    414    424 L_WRITE1: DB 'WRITE1',0
0466  45 31 00       414    425
0469  57 52 49 54    415    426 L_WRITE2: DB 'WRITE2',0
046d  45 32 00       415    427
0470  43 4c 4f 53    416    428 L_CLOSE: DB 'CLOSE',0
0474  45 00          416    429
0476  52 41 4e 44    417    430 L_RANDR: DB 'RANDREAD',0
047a  52 45 41 44    417    431
047e  00             417    432
047f  52 41 4e 44    418    433 L_RANDW: DB 'RANDWRITE',0
0483  57 52 49 54    418    434
0487  45 00          418    435
0489  44 45 4c 45    419    436 L_DELETE: DB 'DELETE',0
048d  54 45 00       419    437
0490  58 4c 54 2d    420    438 L_XLT: DB 'XLT-DIRECT',0
0494  44 49 52 45    420    439
0498  43 54 00       420    440
                     421    441
049b  00 3f 3f 3f    422    442 FCBWILD: DB 0,'???????????'
049f  3f 3f 3f 3f    422    443
04a3  3f 3f 3f 3f    422    444
04a7                 423    445         DS 24,0
04bf  00 44 53 4b    424    446 FCBREAD: DB 0,'DSKFILE DAT'
04c3  46 49 4c 45    424    447
04c7  20 44 41 54    424    448
04cb                 425    449         DS 24,0
04e3  00 42 49 4f    426    450 FCBNEW: DB 0,'BIOS019 DAT'
04e7  53 30 31 39    426    451
04eb  20 44 41 54    426    452
04ef                 427    453         DS 24,0
0507  00 42 49 4f    428    454 FCBDEL: DB 0,'BIOS019 DAT'
050b  53 30 31 39    428    455
050f  20 44 41 54    428    456
0513                 429    457         DS 24,0
052b  01 02 03 04    430    458 XTABLE: DB 1,2,3,4,5,6,7,8,9,10,11,12,13,14,15,16,17,18,19,20,21,22,23,24,25,26
052f  05 06 07 08    430    459
0533  09 0a 0b 0c    430    460
0537  0d 0e 0f 10    430    461
053b  11 12 13 14    430    462
053f  15 16 17 18    430    463
0543  19 1a          430    464
0545  00             431    465 NREC: DB 0
0546  00 00          432    466 CASELABEL: DW 0
0548  00             433    467 EVENT: DB 0
0549  00             434    468 CURDRV: DB 0
054a  00 00          435    469 CURTRK: DW 0
054c  00 00          436    470 CURSEC: DW 0
054e  80 00          437    471 CURDMA: DW 0080H
0550  00             438    472 AUX: DB 0
0551  00             439    473 RES: DB 0
0552  00 00          440    474 XLTPTR: DW 0
0554  00 00          441    475 XLTOUT: DW 0
0556  00 00          442    476 VBASE: DW 0
0558  00 00          443    477 OSEL: DW 0
055a  00 00          444    478 OTRK: DW 0
055c  00 00          445    479 OSEC: DW 0
055e  00 00          446    480 ODMA: DW 0
Z80/8080-Macro-Assembler  Release 2.1	Sat Aug 15 19:14:19 2026	Page 9
Source file: staging-investigation-019/probes/BIOS019.ASM


LOC   OBJECT CODE   LINE   STMT SOURCE CODE
0560  00 00          447    481 OREAD: DW 0
0562  00 00          448    482 OWRITE: DW 0
0564  00 00          449    483 OLISTST: DW 0
0566  00 00          450    484 OXLT: DW 0
0568                 451    485 SAVED: DS 24
0580                 452    486 TRACE: DS 1000
0968                 453    487 DMA1: DS 128,0A5H
09e8                 454    488 IDBUF: DS 128
0a68                 455    489 XLBUF: DS 128
0ae8                 456    490         DS 256
0be8                 457    491 STACKTOP:
0be8                 458    492         END START
