Z80/8080-Macro-Assembler  Release 2.1	Tue Aug 18 18:07:13 2026	Page 1
Source file: GAP46.ASM


LOC   OBJECT CODE   LINE   STMT SOURCE CODE
                       1      1 ; Investigation 046 closure validation probe.
                       2      2         ORG 100H
0100  21 5c 00         3      3         LD HL,005CH
0103  11 15 03         4      4         LD DE,F1COPY
0106  01 10 00         5      5         LD BC,16
0109  ed b0            6      6         LDIR
010b  21 6c 00         7      7         LD HL,006CH
010e  11 25 03         8      8         LD DE,F2COPY
0111  01 10 00         9      9         LD BC,16
0114  ed b0           10     10         LDIR
0116  3a 80 00        11     11         LD A,(0080H)
0119  32 35 03        12     12         LD (TAILN),A
011c  4f              13     13         LD C,A
011d  06 00           14     14         LD B,0
011f  21 81 00        15     15         LD HL,0081H
0122  11 36 03        16     16         LD DE,TAILCOPY
0125  ed b0           17     17         LDIR
                      18     18
0127  1e 01           19     19         LD E,1
0129  0e 0e           20     20         LD C,14
012b  cd 05 00        21     21         CALL 5
012e  0e 1c           22     22         LD C,28
0130  cd 05 00        23     23         CALL 5
0133  0e 18           24     24         LD C,24
0135  cd 05 00        25     25         CALL 5
0138  22 b5 03        26     26         LD (LOGIN0),HL
013b  0e 1d           27     27         LD C,29
013d  cd 05 00        28     28         CALL 5
0140  22 b7 03        29     29         LD (RO0),HL
0143  11 02 00        30     30         LD DE,0002H
0146  0e 25           31     31         LD C,37
0148  cd 05 00        32     32         CALL 5
014b  22 bd 03        33     33         LD (F37RET),HL
014e  0e 18           34     34         LD C,24
0150  cd 05 00        35     35         CALL 5
0153  22 b9 03        36     36         LD (LOGIN1),HL
0156  0e 1d           37     37         LD C,29
0158  cd 05 00        38     38         CALL 5
015b  22 bb 03        39     39         LD (RO1),HL
015e  0e 19           40     40         LD C,25
0160  cd 05 00        41     41         CALL 5
0163  32 bf 03        42     42         LD (DRIVE1),A
                      43     43
0166  0e 26           44     44         LD C,38
0168  cd 05 00        45     45         CALL 5
016b  22 c0 03        46     46         LD (F38),HL
016e  0e 27           47     47         LD C,39
0170  cd 05 00        48     48         CALL 5
0173  22 c2 03        49     49         LD (F39),HL
0176  0e 29           50     50         LD C,41
0178  cd 05 00        51     51         CALL 5
017b  22 c4 03        52     52         LD (F41),HL
                      53     53
017e  0e 0d           54     54         LD C,13
0180  cd 05 00        55     55         CALL 5
0183  11 80 00        56     56         LD DE,0080H
0186  0e 1a           57     57         LD C,26
0188  cd 05 00        58     58         CALL 5
                      59     59
018b  11 86 02        60     60         LD DE,TITLE
Z80/8080-Macro-Assembler  Release 2.1	Tue Aug 18 18:07:13 2026	Page 2
Source file: GAP46.ASM


LOC   OBJECT CODE   LINE   STMT SOURCE CODE
018e  cd 81 02        61     61         CALL PRINT
0191  11 9d 02        62     62         LD DE,LF1
0194  cd 81 02        63     63         CALL PRINT
0197  21 15 03        64     64         LD HL,F1COPY
019a  06 10           65     65         LD B,16
019c  cd 36 02        66     66         CALL DUMP
019f  11 aa 02        67     67         LD DE,LF2
01a2  cd 81 02        68     68         CALL PRINT
01a5  21 25 03        69     69         LD HL,F2COPY
01a8  06 10           70     70         LD B,16
01aa  cd 36 02        71     71         CALL DUMP
01ad  11 b7 02        72     72         LD DE,LTAIL
01b0  cd 81 02        73     73         CALL PRINT
01b3  3a 35 03        74     74         LD A,(TAILN)
01b6  cd 65 02        75     75         CALL HEX
01b9  1e 2f           76     76         LD E,'/'
01bb  cd 79 02        77     77         CALL OUT
01be  3a 35 03        78     78         LD A,(TAILN)
01c1  47              79     79         LD B,A
01c2  21 36 03        80     80         LD HL,TAILCOPY
01c5  5e              81     81 TPR:    LD E,(HL)
01c6  c5              82     82         PUSH BC
01c7  e5              83     83         PUSH HL
01c8  cd 79 02        84     84         CALL OUT
01cb  e1              85     85         POP HL
01cc  c1              86     86         POP BC
01cd  23              87     87         INC HL
01ce  10 f5           88     88         DJNZ TPR
01d0  cd 5b 02        89     89         CALL CRLF
01d3  11 c8 02        90     90         LD DE,LVEC
01d6  cd 81 02        91     91         CALL PRINT
01d9  2a b5 03        92     92         LD HL,(LOGIN0)
01dc  cd 4e 02        93     93         CALL HEXHL
01df  1e 2f           94     94         LD E,'/'
01e1  cd 79 02        95     95         CALL OUT
01e4  2a b7 03        96     96         LD HL,(RO0)
01e7  cd 4e 02        97     97         CALL HEXHL
01ea  1e 2d           98     98         LD E,'-'
01ec  cd 79 02        99     99         CALL OUT
01ef  1e 3e          100    100         LD E,'>'
01f1  cd 79 02       101    101         CALL OUT
01f4  2a b9 03       102    102         LD HL,(LOGIN1)
01f7  cd 4e 02       103    103         CALL HEXHL
01fa  1e 2f          104    104         LD E,'/'
01fc  cd 79 02       105    105         CALL OUT
01ff  2a bb 03       106    106         LD HL,(RO1)
0202  cd 44 02       107    107         CALL HEXHLCR
0205  11 e0 02       108    108         LD DE,LF37
0208  cd 81 02       109    109         CALL PRINT
020b  2a bd 03       110    110         LD HL,(F37RET)
020e  cd 4e 02       111    111         CALL HEXHL
0211  3a bf 03       112    112         LD A,(DRIVE1)
0214  cd 58 02       113    113         CALL HEXCR
0217  11 f7 02       114    114         LD DE,LRES
021a  cd 81 02       115    115         CALL PRINT
021d  2a c0 03       116    116         LD HL,(F38)
0220  cd 4e 02       117    117         CALL HEXHL
0223  2a c2 03       118    118         LD HL,(F39)
0226  cd 4e 02       119    119         CALL HEXHL
0229  2a c4 03       120    120         LD HL,(F41)
Z80/8080-Macro-Assembler  Release 2.1	Tue Aug 18 18:07:13 2026	Page 3
Source file: GAP46.ASM


LOC   OBJECT CODE   LINE   STMT SOURCE CODE
022c  cd 44 02       121    121         CALL HEXHLCR
022f  11 04 03       122    122         LD DE,DONE
0232  cd 81 02       123    123         CALL PRINT
0235  c9             124    124         RET
                     125    125
0236  7e             126    126 DUMP:   LD A,(HL)
0237  c5             127    127         PUSH BC
0238  e5             128    128         PUSH HL
0239  cd 65 02       129    129         CALL HEX
023c  e1             130    130         POP HL
023d  c1             131    131         POP BC
023e  23             132    132         INC HL
023f  10 f5          133    133         DJNZ DUMP
0241  c3 5b 02       134    134         JP CRLF
0244                 135    135 HEXHLCR:
0244  e5             136    136         PUSH HL
0245  7c             137    137         LD A,H
0246  cd 65 02       138    138         CALL HEX
0249  e1             139    139         POP HL
024a  7d             140    140         LD A,L
024b  c3 58 02       141    141         JP HEXCR
024e  e5             142    142 HEXHL:  PUSH HL
024f  7c             143    143         LD A,H
0250  cd 65 02       144    144         CALL HEX
0253  e1             145    145         POP HL
0254  7d             146    146         LD A,L
0255  c3 65 02       147    147         JP HEX
0258  cd 65 02       148    148 HEXCR:  CALL HEX
025b  1e 0d          149    149 CRLF:   LD E,13
025d  cd 79 02       150    150         CALL OUT
0260  1e 0a          151    151         LD E,10
0262  c3 79 02       152    152         JP OUT
0265  f5             153    153 HEX:    PUSH AF
0266  0f             154    154         RRCA
0267  0f             155    155         RRCA
0268  0f             156    156         RRCA
0269  0f             157    157         RRCA
026a  cd 6e 02       158    158         CALL NIB
026d  f1             159    159         POP AF
026e  e6 0f          160    160 NIB:    AND 0FH
0270  c6 30          161    161         ADD A,'0'
0272  fe 3a          162    162         CP '9'+1
0274  38 02          163    163         JR C,HOUT
0276  c6 07          164    164         ADD A,7
0278  5f             165    165 HOUT:   LD E,A
0279  c5             166    166 OUT:    PUSH BC
027a  0e 02          167    167         LD C,2
027c  cd 05 00       168    168         CALL 5
027f  c1             169    169         POP BC
0280  c9             170    170         RET
0281  0e 09          171    171 PRINT:  LD C,9
0283  c3 05 00       172    172         JP 5
                     173    173
0286  47 41 50 34    174    174 TITLE: DB 'GAP46 CLOSURE MATRIX',13,10,'$'
028a  36 20 43 4c    174    175
028e  4f 53 55 52    174    176
0292  45 20 4d 41    174    177
0296  54 52 49 58    174    178
029a  0d 0a 24       174    179
029d  46 43 42 31    175    180 LF1:   DB 'FCB1[0..15]=','$'
Z80/8080-Macro-Assembler  Release 2.1	Tue Aug 18 18:07:13 2026	Page 4
Source file: GAP46.ASM


LOC   OBJECT CODE   LINE   STMT SOURCE CODE
02a1  5b 30 2e 2e    175    181
02a5  31 35 5d 3d    175    182
02a9  24             175    183
02aa  46 43 42 32    176    184 LF2:   DB 'FCB2[0..15]=','$'
02ae  5b 30 2e 2e    176    185
02b2  31 35 5d 3d    176    186
02b6  24             176    187
02b7  54 41 49 4c    177    188 LTAIL: DB 'TAIL COUNT/TEXT=','$'
02bb  20 43 4f 55    177    189
02bf  4e 54 2f 54    177    190
02c3  45 58 54 3d    177    191
02c7  24             177    192
02c8  4c 4f 47 49    178    193 LVEC:  DB 'LOGIN/RO BEFORE->AFTER=','$'
02cc  4e 2f 52 4f    178    194
02d0  20 42 45 46    178    195
02d4  4f 52 45 2d    178    196
02d8  3e 41 46 54    178    197
02dc  45 52 3d 24    178    198
02e0  46 33 37 20    179    199 LF37:  DB 'F37 RET/CURRENT DRIVE=','$'
02e4  52 45 54 2f    179    200
02e8  43 55 52 52    179    201
02ec  45 4e 54 20    179    202
02f0  44 52 49 56    179    203
02f4  45 3d 24       179    204
02f7  46 33 38 2f    180    205 LRES:  DB 'F38/F39/F41=','$'
02fb  46 33 39 2f    180    206
02ff  46 34 31 3d    180    207
0303  24             180    208
0304  47 41 50 34    181    209 DONE:  DB 'GAP46 COMPLETE',13,10,'$'
0308  36 20 43 4f    181    210
030c  4d 50 4c 45    181    211
0310  54 45 0d 0a    181    212
0314  24             181    213
0315                 182    214 F1COPY: DS 16
0325                 183    215 F2COPY: DS 16
0335  00             184    216 TAILN: DB 0
0336                 185    217 TAILCOPY: DS 127
03b5  00 00          186    218 LOGIN0: DW 0
03b7  00 00          187    219 RO0: DW 0
03b9  00 00          188    220 LOGIN1: DW 0
03bb  00 00          189    221 RO1: DW 0
03bd  00 00          190    222 F37RET: DW 0
03bf  00             191    223 DRIVE1: DB 0
03c0  00 00          192    224 F38: DW 0
03c2  00 00          193    225 F39: DW 0
03c4  00 00          194    226 F41: DW 0
03c6                 195    227         END
